[0.074s] Invoking command in '/home/jeff/theimc_robot/build/theimc_navigation2': CMAKE_PREFIX_PATH=${CMAKE_PREFIX_PATH}:/home/jeff/theimc_robot/install/theimc_teleop:/home/jeff/theimc_robot/install/theimc_bringup:/home/jeff/theimc_robot/install/localizer_server:/home/jeff/theimc_robot/install/decision_making_pkg:/home/jeff/theimc_robot/install/debug_pkg:/home/jeff/theimc_robot/install/camera_perception_pkg:/opt/ros/humble /usr/bin/cmake --build /home/jeff/theimc_robot/build/theimc_navigation2 -- -j6 -l6
[1.876s] -- Found ament_cmake: 1.3.14 (/opt/ros/humble/share/ament_cmake/cmake)
[1.876s] -- Override CMake install command with custom implementation using symlinks instead of copying resources
[1.876s] -- Found nav2_bringup: 1.1.20 (/opt/ros/humble/share/nav2_bringup/cmake)
[1.876s] -- Found rclcpp: 16.0.19 (/opt/ros/humble/share/rclcpp/cmake)
[1.876s] -- Found rosidl_generator_c: 3.1.9 (/opt/ros/humble/share/rosidl_generator_c/cmake)
[1.876s] -- Found rosidl_adapter: 3.1.9 (/opt/ros/humble/share/rosidl_adapter/cmake)
[1.877s] -- Found rosidl_generator_cpp: 3.1.9 (/opt/ros/humble/share/rosidl_generator_cpp/cmake)
[1.877s] -- Using all available rosidl_typesupport_c: rosidl_typesupport_fastrtps_c;rosidl_typesupport_introspection_c
[1.877s] -- Using all available rosidl_typesupport_cpp: rosidl_typesupport_fastrtps_cpp;rosidl_typesupport_introspection_cpp
[1.877s] -- Found rmw_implementation_cmake: 6.1.2 (/opt/ros/humble/share/rmw_implementation_cmake/cmake)
[1.877s] -- Found rmw_fastrtps_cpp: 6.2.10 (/opt/ros/humble/share/rmw_fastrtps_cpp/cmake)
[1.877s] -- Using RMW implementation 'rmw_fastrtps_cpp' as default
[1.877s] -- Found nav2_msgs: 1.1.20 (/opt/ros/humble/share/nav2_msgs/cmake)
[1.878s] -- Found nav2_behavior_tree: 1.1.20 (/opt/ros/humble/share/nav2_behavior_tree/cmake)
[1.878s] -- Found eigen3_cmake_module: 0.1.1 (/opt/ros/humble/share/eigen3_cmake_module/cmake)
[1.878s] -- Ensuring Eigen3 include directory is part of orocos-kdl CMake target
[1.878s] -- Found pluginlib: 5.1.4 (/opt/ros/humble/share/pluginlib/cmake)
[1.878s] -- Found rviz_common: 11.2.27 (/opt/ros/humble/share/rviz_common/cmake)
[1.878s] -- Setting assimp_DIR to: '/opt/ros/humble/share/rviz_assimp_vendor/cmake/../../../opt/rviz_assimp_vendor/lib/cmake/assimp-4.1'
[1.878s] -- Setting OGRE_DIR to: '/opt/ros/humble/share/rviz_ogre_vendor/cmake/../../../opt/rviz_ogre_vendor/lib/OGRE/cmake'
[1.878s] -- Found OGRE
[1.879s] --   static     : OFF
[1.879s] --   components : HLMS;MeshLodGenerator;Overlay;Paging;Property;RTShaderSystem;Terrain;Volume
[1.879s] --   plugins    : Plugin_BSPSceneManager;Plugin_OctreeSceneManager;Plugin_PCZSceneManager;Plugin_ParticleFX;RenderSystem_GL;RenderSystem_GL3Plus;Codec_STBI
[1.879s] --   media      : /opt/ros/humble/opt/rviz_ogre_vendor/share/OGRE/Media
[1.879s] -- OGRE_LIBRARIES: OgreHLMS;OgreMeshLodGenerator;OgreOverlay;OgrePaging;OgreProperty;OgreRTShaderSystem;OgreTerrain;OgreVolume;OgreMain
[1.879s] -- OGRE_LIBRARY_DIRS: /opt/ros/humble/opt/rviz_ogre_vendor/lib
[1.880s] -- OGRE_PLUGINS: Plugin_BSPSceneManager;Plugin_OctreeSceneManager;Plugin_PCZSceneManager;Plugin_ParticleFX;RenderSystem_GL;RenderSystem_GL3Plus;Codec_STBI
[1.880s] -- OGRE_PLUGIN_DIR: /opt/ros/humble/opt/rviz_ogre_vendor/lib/OGRE
[1.880s] -- rviz_ogre_vendor::OgreOverlay for IMPORTED_LOCATION_RELEASE: /opt/ros/humble/opt/rviz_ogre_vendor/lib/libOgreOverlay.so
[1.880s] -- rviz_ogre_vendor::OgreOverlay for IMPORTED_LOCATION_DEBUG: /opt/ros/humble/opt/rviz_ogre_vendor/lib/libOgreOverlay.so
[1.880s] -- rviz_ogre_vendor::OgreMain for IMPORTED_LOCATION_RELEASE: /opt/ros/humble/opt/rviz_ogre_vendor/lib/libOgreMain.so
[1.880s] -- rviz_ogre_vendor::OgreMain for IMPORTED_LOCATION_DEBUG: /opt/ros/humble/opt/rviz_ogre_vendor/lib/libOgreMain.so
[1.880s] -- Could not find freeimage library
[1.880s] -- library: /usr/lib/aarch64-linux-gnu/libcurl.so
[1.881s] -- Found ament_lint_auto: 0.12.15 (/opt/ros/humble/share/ament_lint_auto/cmake)
[1.881s] -- Added test 'cppcheck' to perform static code analysis on C / C++ code
[1.881s] -- Configured cppcheck include dirs: $<BUILD_INTERFACE:/home/jeff/theimc_robot/src/theimc_navigation2/include>
[1.881s] -- Configured cppcheck exclude dirs and/or files: 
[1.881s] -- Added test 'flake8' to check Python code syntax and style conventions
[1.881s] -- Added test 'lint_cmake' to check CMake code style
[1.882s] -- Added test 'pep257' to check Python code against some of the docstring style conventions in PEP 257
[1.882s] -- Added test 'uncrustify' to check C / C++ code style
[1.882s] -- Configured uncrustify additional arguments: 
[1.882s] -- Added test 'xmllint' to check XML markup files
[1.882s] -- Configuring done
[1.921s] -- Generating done
[1.938s] -- Build files have been written to: /home/jeff/theimc_robot/build/theimc_navigation2
[2.011s] [35m[1mConsolidate compiler generated dependencies of target check_button_condition_plugin[0m
[2.011s] [35m[1mConsolidate compiler generated dependencies of target theimc_speed_limit_panel[0m
[2.050s] [ 50%] [32mBuilding CXX object CMakeFiles/theimc_speed_limit_panel.dir/src/speed_limit_panel.cpp.o[0m
[2.050s] [ 50%] [32mBuilding CXX object CMakeFiles/check_button_condition_plugin.dir/src/check_button_condition.cpp.o[0m
[25.274s] [ 75%] [32m[1mLinking CXX shared library libtheimc_speed_limit_panel.so[0m
[29.338s] [ 75%] Built target theimc_speed_limit_panel
[33.779s] [100%] [32m[1mLinking CXX shared library libcheck_button_condition_plugin.so[0m
[35.225s] [100%] Built target check_button_condition_plugin
[35.259s] Invoked command in '/home/jeff/theimc_robot/build/theimc_navigation2' returned '0': CMAKE_PREFIX_PATH=${CMAKE_PREFIX_PATH}:/home/jeff/theimc_robot/install/theimc_teleop:/home/jeff/theimc_robot/install/theimc_bringup:/home/jeff/theimc_robot/install/localizer_server:/home/jeff/theimc_robot/install/decision_making_pkg:/home/jeff/theimc_robot/install/debug_pkg:/home/jeff/theimc_robot/install/camera_perception_pkg:/opt/ros/humble /usr/bin/cmake --build /home/jeff/theimc_robot/build/theimc_navigation2 -- -j6 -l6
[35.261s] Invoking command in '/home/jeff/theimc_robot/build/theimc_navigation2': CMAKE_PREFIX_PATH=${CMAKE_PREFIX_PATH}:/home/jeff/theimc_robot/install/theimc_teleop:/home/jeff/theimc_robot/install/theimc_bringup:/home/jeff/theimc_robot/install/localizer_server:/home/jeff/theimc_robot/install/decision_making_pkg:/home/jeff/theimc_robot/install/debug_pkg:/home/jeff/theimc_robot/install/camera_perception_pkg:/opt/ros/humble /usr/bin/cmake --install /home/jeff/theimc_robot/build/theimc_navigation2
[35.275s] -- Install configuration: ""
[35.276s] -- Execute custom install script
[35.276s] -- Up-to-date symlink: /home/jeff/theimc_robot/install/theimc_navigation2/share/theimc_navigation2//rviz_plugins.xml
[35.277s] -- Up-to-date symlink: /home/jeff/theimc_robot/install/theimc_navigation2/lib/libcheck_button_condition_plugin.so
[35.277s] -- Up-to-date symlink: /home/jeff/theimc_robot/install/theimc_navigation2/lib/libtheimc_speed_limit_panel.so
[35.278s] -- Up-to-date symlink: /home/jeff/theimc_robot/install/theimc_navigation2/include/theimc_navigation2/speed_limit_panel.hpp
[35.278s] -- Up-to-date symlink: /home/jeff/theimc_robot/install/theimc_navigation2/lib/theimc_navigation2/button_publisher.py
[35.279s] -- Up-to-date symlink: /home/jeff/theimc_robot/install/theimc_navigation2/share/theimc_navigation2/launch/_bringup_all.launch.py
[35.279s] -- Up-to-date symlink: /home/jeff/theimc_robot/install/theimc_navigation2/share/theimc_navigation2/launch/_theimc_cmd_mux.launch.py
[35.279s] -- Up-to-date symlink: /home/jeff/theimc_robot/install/theimc_navigation2/share/theimc_navigation2/launch/theimc_nav2_without_obstacle.launch.py
[35.280s] -- Up-to-date symlink: /home/jeff/theimc_robot/install/theimc_navigation2/share/theimc_navigation2/maps/2f/keepout_map.pgm
[35.280s] -- Up-to-date symlink: /home/jeff/theimc_robot/install/theimc_navigation2/share/theimc_navigation2/maps/2f/map.pgm
[35.280s] -- Up-to-date symlink: /home/jeff/theimc_robot/install/theimc_navigation2/share/theimc_navigation2/maps/2f/map.png
[35.281s] -- Up-to-date symlink: /home/jeff/theimc_robot/install/theimc_navigation2/share/theimc_navigation2/maps/2f/map.yaml
[35.281s] -- Up-to-date symlink: /home/jeff/theimc_robot/install/theimc_navigation2/share/theimc_navigation2/maps/__keepout_map.pgm
[35.281s] -- Up-to-date symlink: /home/jeff/theimc_robot/install/theimc_navigation2/share/theimc_navigation2/maps/keepout_map.pgm
[35.282s] -- Up-to-date symlink: /home/jeff/theimc_robot/install/theimc_navigation2/share/theimc_navigation2/maps/keepout_map.yaml
[35.282s] -- Up-to-date symlink: /home/jeff/theimc_robot/install/theimc_navigation2/share/theimc_navigation2/maps/map.pgm
[35.282s] -- Up-to-date symlink: /home/jeff/theimc_robot/install/theimc_navigation2/share/theimc_navigation2/maps/map.yaml
[35.282s] -- Up-to-date symlink: /home/jeff/theimc_robot/install/theimc_navigation2/share/theimc_navigation2/maps/route_graph.geojson
[35.283s] -- Up-to-date symlink: /home/jeff/theimc_robot/install/theimc_navigation2/share/theimc_navigation2/params/keepout_filter.yaml
[35.283s] -- Up-to-date symlink: /home/jeff/theimc_robot/install/theimc_navigation2/share/theimc_navigation2/params/theimc_nav2_obstacle_avoidance_params copy.yaml
[35.283s] -- Up-to-date symlink: /home/jeff/theimc_robot/install/theimc_navigation2/share/theimc_navigation2/params/theimc_nav2_obstacle_avoidance_params.yaml
[35.283s] -- Up-to-date symlink: /home/jeff/theimc_robot/install/theimc_navigation2/share/theimc_navigation2/params/theimc_nav2_obstacle_avoidance_params.yaml.bak-before-mppi-20260724
[35.284s] -- Up-to-date symlink: /home/jeff/theimc_robot/install/theimc_navigation2/share/theimc_navigation2/params/theimc_nav2_params.yaml
[35.284s] -- Up-to-date symlink: /home/jeff/theimc_robot/install/theimc_navigation2/share/theimc_navigation2/params/theimc_nav2_params_RPP.yaml
[35.284s] -- Up-to-date symlink: /home/jeff/theimc_robot/install/theimc_navigation2/share/theimc_navigation2/params/theimc_nav2_params_mppi.yaml
[35.284s] -- Up-to-date symlink: /home/jeff/theimc_robot/install/theimc_navigation2/share/theimc_navigation2/params/waypoints.yaml
[35.285s] -- Up-to-date symlink: /home/jeff/theimc_robot/install/theimc_navigation2/share/theimc_navigation2/rviz/demo_robot.rviz
[35.285s] -- Up-to-date symlink: /home/jeff/theimc_robot/install/theimc_navigation2/share/theimc_navigation2/scripts/button_publisher.py
[35.285s] -- Up-to-date symlink: /home/jeff/theimc_robot/install/theimc_navigation2/share/theimc_navigation2/scripts/example_route.py
[35.286s] -- Up-to-date symlink: /home/jeff/theimc_robot/install/theimc_navigation2/share/theimc_navigation2/scripts/waypoint_sender.py
[35.286s] -- Up-to-date symlink: /home/jeff/theimc_robot/install/theimc_navigation2/share/theimc_navigation2/behavior_trees/custom_button_bt.xml
[35.286s] -- Up-to-date symlink: /home/jeff/theimc_robot/install/theimc_navigation2/share/theimc_navigation2/behavior_trees/nav_through_poses_no_spin.xml
[35.287s] -- Up-to-date symlink: /home/jeff/theimc_robot/install/theimc_navigation2/share/theimc_navigation2/behavior_trees/nav_to_pose_no_spin.xml
[35.287s] -- Up-to-date symlink: /home/jeff/theimc_robot/install/theimc_navigation2/share/theimc_navigation2/behavior_trees/nav_to_pose_obstacle_avoidance.xml
[35.287s] -- Up-to-date symlink: /home/jeff/theimc_robot/install/theimc_navigation2/share/theimc_navigation2/behavior_trees/nav_to_pose_obstacle_avoidance.xml.bak-before-mppi-20260724
[35.287s] -- Up-to-date symlink: /home/jeff/theimc_robot/install/theimc_navigation2/share/theimc_navigation2/behavior_trees/nav_to_pose_with_spin.xml
[35.287s] -- Up-to-date symlink: /home/jeff/theimc_robot/install/theimc_navigation2/share/theimc_navigation2/behavior_trees/navigate_via_route.xml
[35.288s] -- Up-to-date symlink: /home/jeff/theimc_robot/install/theimc_navigation2/share/theimc_navigation2/behavior_trees/navigate_w_replanning_and_recovery.xml
[35.288s] -- Up-to-date symlink: /home/jeff/theimc_robot/install/theimc_navigation2/share/ament_index/resource_index/package_run_dependencies/theimc_navigation2
[35.288s] -- Up-to-date symlink: /home/jeff/theimc_robot/install/theimc_navigation2/share/ament_index/resource_index/parent_prefix_path/theimc_navigation2
[35.289s] -- Up-to-date symlink: /home/jeff/theimc_robot/install/theimc_navigation2/share/theimc_navigation2/environment/ament_prefix_path.sh
[35.289s] -- Up-to-date symlink: /home/jeff/theimc_robot/install/theimc_navigation2/share/theimc_navigation2/environment/ament_prefix_path.dsv
[35.290s] -- Up-to-date symlink: /home/jeff/theimc_robot/install/theimc_navigation2/share/theimc_navigation2/environment/path.sh
[35.290s] -- Up-to-date symlink: /home/jeff/theimc_robot/install/theimc_navigation2/share/theimc_navigation2/environment/path.dsv
[35.290s] -- Up-to-date symlink: /home/jeff/theimc_robot/install/theimc_navigation2/share/theimc_navigation2/local_setup.bash
[35.290s] -- Up-to-date symlink: /home/jeff/theimc_robot/install/theimc_navigation2/share/theimc_navigation2/local_setup.sh
[35.291s] -- Up-to-date symlink: /home/jeff/theimc_robot/install/theimc_navigation2/share/theimc_navigation2/local_setup.zsh
[35.291s] -- Up-to-date symlink: /home/jeff/theimc_robot/install/theimc_navigation2/share/theimc_navigation2/local_setup.dsv
[35.291s] -- Symlinking: /home/jeff/theimc_robot/install/theimc_navigation2/share/theimc_navigation2/package.dsv
[35.310s] -- Up-to-date symlink: /home/jeff/theimc_robot/install/theimc_navigation2/share/ament_index/resource_index/packages/theimc_navigation2
[35.310s] -- Up-to-date symlink: /home/jeff/theimc_robot/install/theimc_navigation2/share/ament_index/resource_index/rviz_common__pluginlib__plugin/theimc_navigation2
[35.311s] -- Up-to-date symlink: /home/jeff/theimc_robot/install/theimc_navigation2/share/theimc_navigation2/cmake/theimc_navigation2Config.cmake
[35.311s] -- Up-to-date symlink: /home/jeff/theimc_robot/install/theimc_navigation2/share/theimc_navigation2/cmake/theimc_navigation2Config-version.cmake
[35.311s] -- Up-to-date symlink: /home/jeff/theimc_robot/install/theimc_navigation2/share/theimc_navigation2/package.xml
[35.317s] Invoked command in '/home/jeff/theimc_robot/build/theimc_navigation2' returned '0': CMAKE_PREFIX_PATH=${CMAKE_PREFIX_PATH}:/home/jeff/theimc_robot/install/theimc_teleop:/home/jeff/theimc_robot/install/theimc_bringup:/home/jeff/theimc_robot/install/localizer_server:/home/jeff/theimc_robot/install/decision_making_pkg:/home/jeff/theimc_robot/install/debug_pkg:/home/jeff/theimc_robot/install/camera_perception_pkg:/opt/ros/humble /usr/bin/cmake --install /home/jeff/theimc_robot/build/theimc_navigation2
