[0.034s] Invoking command in '/home/jeff/theimc_robot/build/theimc_bt_nodes': CMAKE_PREFIX_PATH=/home/jeff/theimc_robot/install/theimc_navigation2:/home/jeff/theimc_robot/install/interfaces_pkg:/home/jeff/theimc_robot/install/theimc_bt_nodes:/home/jeff/theimc_robot/install/theimc_description:/home/jeff/theimc_robot/install/sllidar_ros2:/home/jeff/theimc_robot/install/theimc_teleop:/home/jeff/theimc_robot/install/theimc_bringup:/home/jeff/theimc_robot/install/localizer_server:/home/jeff/theimc_robot/install/decision_making_pkg:/home/jeff/theimc_robot/install/debug_pkg:/home/jeff/theimc_robot/install/camera_perception_pkg:/opt/ros/humble LD_LIBRARY_PATH=/home/jeff/theimc_robot/install/theimc_navigation2/lib:/home/jeff/theimc_robot/install/interfaces_pkg/lib:/home/jeff/theimc_robot/install/theimc_bt_nodes/lib:/opt/ros/humble/opt/rviz_ogre_vendor/lib:/opt/ros/humble/lib/aarch64-linux-gnu:/opt/ros/humble/lib /usr/bin/cmake --build /home/jeff/theimc_robot/build/theimc_bt_nodes -- -j6 -l6
[0.119s] -- Found ament_cmake: 1.3.14 (/opt/ros/humble/share/ament_cmake/cmake)
[0.431s] -- Override CMake install command with custom implementation using symlinks instead of copying resources
[0.459s] -- Found ament_index_cpp: 1.4.1 (/opt/ros/humble/share/ament_index_cpp/cmake)
[0.463s] -- Found geometry_msgs: 4.9.1 (/opt/ros/humble/share/geometry_msgs/cmake)
[0.536s] -- Found rosidl_generator_c: 3.1.9 (/opt/ros/humble/share/rosidl_generator_c/cmake)
[0.542s] -- Found rosidl_adapter: 3.1.9 (/opt/ros/humble/share/rosidl_adapter/cmake)
[0.559s] -- Found rosidl_generator_cpp: 3.1.9 (/opt/ros/humble/share/rosidl_generator_cpp/cmake)
[0.582s] -- Using all available rosidl_typesupport_c: rosidl_typesupport_fastrtps_c;rosidl_typesupport_introspection_c
[0.611s] -- Using all available rosidl_typesupport_cpp: rosidl_typesupport_fastrtps_cpp;rosidl_typesupport_introspection_cpp
[0.691s] -- Found interfaces_pkg: 0.0.0 (/home/jeff/theimc_robot/install/interfaces_pkg/share/interfaces_pkg/cmake)
[0.771s] -- Found nav2_behavior_tree: 1.1.20 (/opt/ros/humble/share/nav2_behavior_tree/cmake)
[0.845s] -- Found rmw_implementation_cmake: 6.1.2 (/opt/ros/humble/share/rmw_implementation_cmake/cmake)
[0.849s] -- Found rmw_fastrtps_cpp: 6.2.10 (/opt/ros/humble/share/rmw_fastrtps_cpp/cmake)
[1.050s] -- Using RMW implementation 'rmw_fastrtps_cpp' as default
[1.442s] -- Found eigen3_cmake_module: 0.1.1 (/opt/ros/humble/share/eigen3_cmake_module/cmake)
[1.445s] -- Ensuring Eigen3 include directory is part of orocos-kdl CMake target
[1.543s] -- Found pluginlib: 5.1.4 (/opt/ros/humble/share/pluginlib/cmake)
[1.571s] -- Found yaml_cpp_vendor: 8.0.2 (/opt/ros/humble/share/yaml_cpp_vendor/cmake)
[1.827s] -- Configuring done
[2.078s] -- Generating done
[2.097s] -- Build files have been written to: /home/jeff/theimc_robot/build/theimc_bt_nodes
[2.167s] [35m[1mConsolidate compiler generated dependencies of target mission_bt_runner[0m
[2.192s] [35m[1mConsolidate compiler generated dependencies of target theimc_bt_nodes[0m
[2.226s] [  8%] Built target mission_bt_runner
[2.334s] [ 17%] [32mBuilding CXX object CMakeFiles/theimc_bt_nodes.dir/src/register_nodes.cpp.o[0m
[2.335s] [ 17%] [32mBuilding CXX object CMakeFiles/theimc_bt_nodes.dir/src/rail_enter.cpp.o[0m
[2.338s] [ 21%] [32mBuilding CXX object CMakeFiles/theimc_bt_nodes.dir/src/rail_exit.cpp.o[0m
[23.856s] [ 26%] [32m[1mLinking CXX shared library libtheimc_bt_nodes.so[0m
[32.007s] [100%] Built target theimc_bt_nodes
[32.036s] Invoked command in '/home/jeff/theimc_robot/build/theimc_bt_nodes' returned '0': CMAKE_PREFIX_PATH=/home/jeff/theimc_robot/install/theimc_navigation2:/home/jeff/theimc_robot/install/interfaces_pkg:/home/jeff/theimc_robot/install/theimc_bt_nodes:/home/jeff/theimc_robot/install/theimc_description:/home/jeff/theimc_robot/install/sllidar_ros2:/home/jeff/theimc_robot/install/theimc_teleop:/home/jeff/theimc_robot/install/theimc_bringup:/home/jeff/theimc_robot/install/localizer_server:/home/jeff/theimc_robot/install/decision_making_pkg:/home/jeff/theimc_robot/install/debug_pkg:/home/jeff/theimc_robot/install/camera_perception_pkg:/opt/ros/humble LD_LIBRARY_PATH=/home/jeff/theimc_robot/install/theimc_navigation2/lib:/home/jeff/theimc_robot/install/interfaces_pkg/lib:/home/jeff/theimc_robot/install/theimc_bt_nodes/lib:/opt/ros/humble/opt/rviz_ogre_vendor/lib:/opt/ros/humble/lib/aarch64-linux-gnu:/opt/ros/humble/lib /usr/bin/cmake --build /home/jeff/theimc_robot/build/theimc_bt_nodes -- -j6 -l6
[32.060s] Invoking command in '/home/jeff/theimc_robot/build/theimc_bt_nodes': CMAKE_PREFIX_PATH=/home/jeff/theimc_robot/install/theimc_navigation2:/home/jeff/theimc_robot/install/interfaces_pkg:/home/jeff/theimc_robot/install/theimc_bt_nodes:/home/jeff/theimc_robot/install/theimc_description:/home/jeff/theimc_robot/install/sllidar_ros2:/home/jeff/theimc_robot/install/theimc_teleop:/home/jeff/theimc_robot/install/theimc_bringup:/home/jeff/theimc_robot/install/localizer_server:/home/jeff/theimc_robot/install/decision_making_pkg:/home/jeff/theimc_robot/install/debug_pkg:/home/jeff/theimc_robot/install/camera_perception_pkg:/opt/ros/humble LD_LIBRARY_PATH=/home/jeff/theimc_robot/install/theimc_navigation2/lib:/home/jeff/theimc_robot/install/interfaces_pkg/lib:/home/jeff/theimc_robot/install/theimc_bt_nodes/lib:/opt/ros/humble/opt/rviz_ogre_vendor/lib:/opt/ros/humble/lib/aarch64-linux-gnu:/opt/ros/humble/lib /usr/bin/cmake --install /home/jeff/theimc_robot/build/theimc_bt_nodes
[32.076s] -- Install configuration: ""
[32.077s] -- Execute custom install script
[32.077s] -- Up-to-date symlink: /home/jeff/theimc_robot/install/theimc_bt_nodes/share/theimc_bt_nodes//plugins.xml
[32.078s] -- Up-to-date symlink: /home/jeff/theimc_robot/install/theimc_bt_nodes/lib/libtheimc_bt_nodes.so
[32.078s] -- Up-to-date symlink: /home/jeff/theimc_robot/install/theimc_bt_nodes/lib/theimc_bt_nodes/mission_bt_runner
[32.079s] -- Up-to-date symlink: /home/jeff/theimc_robot/install/theimc_bt_nodes/include/theimc_bt_nodes/drive_cmd_vel.hpp
[32.080s] -- Up-to-date symlink: /home/jeff/theimc_robot/install/theimc_bt_nodes/include/theimc_bt_nodes/for_each_rail.hpp
[32.080s] -- Up-to-date symlink: /home/jeff/theimc_robot/install/theimc_bt_nodes/include/theimc_bt_nodes/get_location_pose.hpp
[32.080s] -- Up-to-date symlink: /home/jeff/theimc_robot/install/theimc_bt_nodes/include/theimc_bt_nodes/get_rail_pose.hpp
[32.080s] -- Up-to-date symlink: /home/jeff/theimc_robot/install/theimc_bt_nodes/include/theimc_bt_nodes/go_to_pose.hpp
[32.081s] -- Up-to-date symlink: /home/jeff/theimc_robot/install/theimc_bt_nodes/include/theimc_bt_nodes/is_battery_low.hpp
[32.081s] -- Up-to-date symlink: /home/jeff/theimc_robot/install/theimc_bt_nodes/include/theimc_bt_nodes/is_rail_obstacle.hpp
[32.081s] -- Up-to-date symlink: /home/jeff/theimc_robot/install/theimc_bt_nodes/include/theimc_bt_nodes/publish_rail_command.hpp
[32.081s] -- Up-to-date symlink: /home/jeff/theimc_robot/install/theimc_bt_nodes/include/theimc_bt_nodes/rail_approach.hpp
[32.082s] -- Symlinking: /home/jeff/theimc_robot/install/theimc_bt_nodes/include/theimc_bt_nodes/rail_enter.hpp
[32.100s] -- Symlinking: /home/jeff/theimc_robot/install/theimc_bt_nodes/include/theimc_bt_nodes/rail_exit.hpp
[32.119s] -- Up-to-date symlink: /home/jeff/theimc_robot/install/theimc_bt_nodes/include/theimc_bt_nodes/return_home_requested.hpp
[32.119s] -- Up-to-date symlink: /home/jeff/theimc_robot/install/theimc_bt_nodes/include/theimc_bt_nodes/save_current_pose.hpp
[32.120s] -- Up-to-date symlink: /home/jeff/theimc_robot/install/theimc_bt_nodes/include/theimc_bt_nodes/toggle_docking.hpp
[32.120s] -- Up-to-date symlink: /home/jeff/theimc_robot/install/theimc_bt_nodes/include/theimc_bt_nodes/wait_for_charge.hpp
[32.120s] -- Up-to-date symlink: /home/jeff/theimc_robot/install/theimc_bt_nodes/include/theimc_bt_nodes/wait_for_mission_trigger.hpp
[32.120s] -- Up-to-date symlink: /home/jeff/theimc_robot/install/theimc_bt_nodes/include/theimc_bt_nodes/wait_for_rail_clear.hpp
[32.121s] -- Up-to-date symlink: /home/jeff/theimc_robot/install/theimc_bt_nodes/include/theimc_bt_nodes/wait_for_rail_state.hpp
[32.121s] -- Up-to-date symlink: /home/jeff/theimc_robot/install/theimc_bt_nodes/include/theimc_bt_nodes/wait_seconds.hpp
[32.121s] -- Up-to-date symlink: /home/jeff/theimc_robot/install/theimc_bt_nodes/share/theimc_bt_nodes/launch/__pycache__/mission_bt_with_nav2.launch.cpython-310.pyc
[32.122s] -- Up-to-date symlink: /home/jeff/theimc_robot/install/theimc_bt_nodes/share/theimc_bt_nodes/launch/mission_bt_runner.launch.py
[32.122s] -- Up-to-date symlink: /home/jeff/theimc_robot/install/theimc_bt_nodes/share/theimc_bt_nodes/bt_xml/one_rail.xml
[32.123s] -- Up-to-date symlink: /home/jeff/theimc_robot/install/theimc_bt_nodes/share/theimc_bt_nodes/bt_xml/one_routine.xml
[32.123s] -- Up-to-date symlink: /home/jeff/theimc_robot/install/theimc_bt_nodes/share/theimc_bt_nodes/bt_xml/simple_home_rail_3times_bt.xml
[32.123s] -- Up-to-date symlink: /home/jeff/theimc_robot/install/theimc_bt_nodes/share/theimc_bt_nodes/bt_xml/theimc_bt.xml
[32.124s] -- Up-to-date symlink: /home/jeff/theimc_robot/install/theimc_bt_nodes/share/theimc_bt_nodes/config/rails.yaml
[32.124s] -- Up-to-date symlink: /home/jeff/theimc_robot/install/theimc_bt_nodes/share/theimc_bt_nodes/environment/library_path.sh
[32.125s] -- Up-to-date symlink: /home/jeff/theimc_robot/install/theimc_bt_nodes/share/theimc_bt_nodes/environment/library_path.dsv
[32.125s] -- Up-to-date symlink: /home/jeff/theimc_robot/install/theimc_bt_nodes/share/ament_index/resource_index/package_run_dependencies/theimc_bt_nodes
[32.126s] -- Up-to-date symlink: /home/jeff/theimc_robot/install/theimc_bt_nodes/share/ament_index/resource_index/parent_prefix_path/theimc_bt_nodes
[32.126s] -- Up-to-date symlink: /home/jeff/theimc_robot/install/theimc_bt_nodes/share/theimc_bt_nodes/environment/ament_prefix_path.sh
[32.126s] -- Up-to-date symlink: /home/jeff/theimc_robot/install/theimc_bt_nodes/share/theimc_bt_nodes/environment/ament_prefix_path.dsv
[32.127s] -- Up-to-date symlink: /home/jeff/theimc_robot/install/theimc_bt_nodes/share/theimc_bt_nodes/environment/path.sh
[32.127s] -- Up-to-date symlink: /home/jeff/theimc_robot/install/theimc_bt_nodes/share/theimc_bt_nodes/environment/path.dsv
[32.128s] -- Up-to-date symlink: /home/jeff/theimc_robot/install/theimc_bt_nodes/share/theimc_bt_nodes/local_setup.bash
[32.128s] -- Up-to-date symlink: /home/jeff/theimc_robot/install/theimc_bt_nodes/share/theimc_bt_nodes/local_setup.sh
[32.128s] -- Up-to-date symlink: /home/jeff/theimc_robot/install/theimc_bt_nodes/share/theimc_bt_nodes/local_setup.zsh
[32.129s] -- Up-to-date symlink: /home/jeff/theimc_robot/install/theimc_bt_nodes/share/theimc_bt_nodes/local_setup.dsv
[32.129s] -- Symlinking: /home/jeff/theimc_robot/install/theimc_bt_nodes/share/theimc_bt_nodes/package.dsv
[32.149s] -- Up-to-date symlink: /home/jeff/theimc_robot/install/theimc_bt_nodes/share/ament_index/resource_index/packages/theimc_bt_nodes
[32.149s] -- Up-to-date symlink: /home/jeff/theimc_robot/install/theimc_bt_nodes/share/ament_index/resource_index/nav2_behavior_tree__pluginlib__plugin/theimc_bt_nodes
[32.150s] -- Up-to-date symlink: /home/jeff/theimc_robot/install/theimc_bt_nodes/share/theimc_bt_nodes/cmake/ament_cmake_export_include_directories-extras.cmake
[32.150s] -- Up-to-date symlink: /home/jeff/theimc_robot/install/theimc_bt_nodes/share/theimc_bt_nodes/cmake/ament_cmake_export_libraries-extras.cmake
[32.151s] -- Up-to-date symlink: /home/jeff/theimc_robot/install/theimc_bt_nodes/share/theimc_bt_nodes/cmake/ament_cmake_export_dependencies-extras.cmake
[32.151s] -- Up-to-date symlink: /home/jeff/theimc_robot/install/theimc_bt_nodes/share/theimc_bt_nodes/cmake/theimc_bt_nodesConfig.cmake
[32.152s] -- Up-to-date symlink: /home/jeff/theimc_robot/install/theimc_bt_nodes/share/theimc_bt_nodes/cmake/theimc_bt_nodesConfig-version.cmake
[32.152s] -- Up-to-date symlink: /home/jeff/theimc_robot/install/theimc_bt_nodes/share/theimc_bt_nodes/package.xml
[32.158s] Invoked command in '/home/jeff/theimc_robot/build/theimc_bt_nodes' returned '0': CMAKE_PREFIX_PATH=/home/jeff/theimc_robot/install/theimc_navigation2:/home/jeff/theimc_robot/install/interfaces_pkg:/home/jeff/theimc_robot/install/theimc_bt_nodes:/home/jeff/theimc_robot/install/theimc_description:/home/jeff/theimc_robot/install/sllidar_ros2:/home/jeff/theimc_robot/install/theimc_teleop:/home/jeff/theimc_robot/install/theimc_bringup:/home/jeff/theimc_robot/install/localizer_server:/home/jeff/theimc_robot/install/decision_making_pkg:/home/jeff/theimc_robot/install/debug_pkg:/home/jeff/theimc_robot/install/camera_perception_pkg:/opt/ros/humble LD_LIBRARY_PATH=/home/jeff/theimc_robot/install/theimc_navigation2/lib:/home/jeff/theimc_robot/install/interfaces_pkg/lib:/home/jeff/theimc_robot/install/theimc_bt_nodes/lib:/opt/ros/humble/opt/rviz_ogre_vendor/lib:/opt/ros/humble/lib/aarch64-linux-gnu:/opt/ros/humble/lib /usr/bin/cmake --install /home/jeff/theimc_robot/build/theimc_bt_nodes
