[35m[1mConsolidate compiler generated dependencies of target theimc_bt_nodes[0m
[ 10%] Built target mission_bt_runner
[ 15%] [32mBuilding CXX object CMakeFiles/theimc_bt_nodes.dir/src/register_nodes.cpp.o[0m
[ 21%] [32m[1mLinking CXX shared library libtheimc_bt_nodes.so[0m
[100%] Built target theimc_bt_nodes
-- Install configuration: ""
-- Execute custom install script
-- Up-to-date symlink: /home/jeff/theimc_robot/install/theimc_bt_nodes/share/theimc_bt_nodes//plugins.xml
-- Up-to-date symlink: /home/jeff/theimc_robot/install/theimc_bt_nodes/lib/libtheimc_bt_nodes.so
-- Up-to-date symlink: /home/jeff/theimc_robot/install/theimc_bt_nodes/lib/theimc_bt_nodes/mission_bt_runner
-- Up-to-date symlink: /home/jeff/theimc_robot/install/theimc_bt_nodes/include/theimc_bt_nodes/drive_cmd_vel.hpp
-- Up-to-date symlink: /home/jeff/theimc_robot/install/theimc_bt_nodes/include/theimc_bt_nodes/for_each_rail.hpp
-- Up-to-date symlink: /home/jeff/theimc_robot/install/theimc_bt_nodes/include/theimc_bt_nodes/get_rail_pose.hpp
-- Up-to-date symlink: /home/jeff/theimc_robot/install/theimc_bt_nodes/include/theimc_bt_nodes/go_to_pose.hpp
-- Up-to-date symlink: /home/jeff/theimc_robot/install/theimc_bt_nodes/include/theimc_bt_nodes/is_battery_low.hpp
-- Up-to-date symlink: /home/jeff/theimc_robot/install/theimc_bt_nodes/include/theimc_bt_nodes/is_obstacle_detected.hpp
-- Up-to-date symlink: /home/jeff/theimc_robot/install/theimc_bt_nodes/include/theimc_bt_nodes/publish_rail_command.hpp
-- Up-to-date symlink: /home/jeff/theimc_robot/install/theimc_bt_nodes/include/theimc_bt_nodes/rail_approach.hpp
-- Up-to-date symlink: /home/jeff/theimc_robot/install/theimc_bt_nodes/include/theimc_bt_nodes/return_home_requested.hpp
-- Up-to-date symlink: /home/jeff/theimc_robot/install/theimc_bt_nodes/include/theimc_bt_nodes/save_current_pose.hpp
-- Up-to-date symlink: /home/jeff/theimc_robot/install/theimc_bt_nodes/include/theimc_bt_nodes/toggle_docking.hpp
-- Up-to-date symlink: /home/jeff/theimc_robot/install/theimc_bt_nodes/include/theimc_bt_nodes/wait_for_charge.hpp
-- Up-to-date symlink: /home/jeff/theimc_robot/install/theimc_bt_nodes/include/theimc_bt_nodes/wait_for_mission_trigger.hpp
-- Up-to-date symlink: /home/jeff/theimc_robot/install/theimc_bt_nodes/include/theimc_bt_nodes/wait_for_rail_state.hpp
-- Up-to-date symlink: /home/jeff/theimc_robot/install/theimc_bt_nodes/include/theimc_bt_nodes/wait_seconds.hpp
-- Up-to-date symlink: /home/jeff/theimc_robot/install/theimc_bt_nodes/share/theimc_bt_nodes/launch/__pycache__/mission_bt_with_nav2.launch.cpython-310.pyc
-- Up-to-date symlink: /home/jeff/theimc_robot/install/theimc_bt_nodes/share/theimc_bt_nodes/launch/mission_bt_runner.launch.py
-- Up-to-date symlink: /home/jeff/theimc_robot/install/theimc_bt_nodes/share/theimc_bt_nodes/bt_xml/one_rail.xml
-- Up-to-date symlink: /home/jeff/theimc_robot/install/theimc_bt_nodes/share/theimc_bt_nodes/bt_xml/one_routine.xml
-- Up-to-date symlink: /home/jeff/theimc_robot/install/theimc_bt_nodes/share/theimc_bt_nodes/bt_xml/simple_home_rail_3times_bt.xml
-- Up-to-date symlink: /home/jeff/theimc_robot/install/theimc_bt_nodes/share/theimc_bt_nodes/bt_xml/theimc_bt.xml
-- Up-to-date symlink: /home/jeff/theimc_robot/install/theimc_bt_nodes/share/theimc_bt_nodes/config/rails.yaml
-- Up-to-date symlink: /home/jeff/theimc_robot/install/theimc_bt_nodes/share/theimc_bt_nodes/environment/library_path.sh
-- Up-to-date symlink: /home/jeff/theimc_robot/install/theimc_bt_nodes/share/theimc_bt_nodes/environment/library_path.dsv
-- Up-to-date symlink: /home/jeff/theimc_robot/install/theimc_bt_nodes/share/ament_index/resource_index/package_run_dependencies/theimc_bt_nodes
-- Up-to-date symlink: /home/jeff/theimc_robot/install/theimc_bt_nodes/share/ament_index/resource_index/parent_prefix_path/theimc_bt_nodes
-- Up-to-date symlink: /home/jeff/theimc_robot/install/theimc_bt_nodes/share/theimc_bt_nodes/environment/ament_prefix_path.sh
-- Up-to-date symlink: /home/jeff/theimc_robot/install/theimc_bt_nodes/share/theimc_bt_nodes/environment/ament_prefix_path.dsv
-- Up-to-date symlink: /home/jeff/theimc_robot/install/theimc_bt_nodes/share/theimc_bt_nodes/environment/path.sh
-- Up-to-date symlink: /home/jeff/theimc_robot/install/theimc_bt_nodes/share/theimc_bt_nodes/environment/path.dsv
-- Up-to-date symlink: /home/jeff/theimc_robot/install/theimc_bt_nodes/share/theimc_bt_nodes/local_setup.bash
-- Up-to-date symlink: /home/jeff/theimc_robot/install/theimc_bt_nodes/share/theimc_bt_nodes/local_setup.sh
-- Up-to-date symlink: /home/jeff/theimc_robot/install/theimc_bt_nodes/share/theimc_bt_nodes/local_setup.zsh
-- Up-to-date symlink: /home/jeff/theimc_robot/install/theimc_bt_nodes/share/theimc_bt_nodes/local_setup.dsv
-- Symlinking: /home/jeff/theimc_robot/install/theimc_bt_nodes/share/theimc_bt_nodes/package.dsv
-- Up-to-date symlink: /home/jeff/theimc_robot/install/theimc_bt_nodes/share/ament_index/resource_index/packages/theimc_bt_nodes
-- Up-to-date symlink: /home/jeff/theimc_robot/install/theimc_bt_nodes/share/ament_index/resource_index/nav2_behavior_tree__pluginlib__plugin/theimc_bt_nodes
-- Up-to-date symlink: /home/jeff/theimc_robot/install/theimc_bt_nodes/share/theimc_bt_nodes/cmake/ament_cmake_export_include_directories-extras.cmake
-- Up-to-date symlink: /home/jeff/theimc_robot/install/theimc_bt_nodes/share/theimc_bt_nodes/cmake/ament_cmake_export_libraries-extras.cmake
-- Up-to-date symlink: /home/jeff/theimc_robot/install/theimc_bt_nodes/share/theimc_bt_nodes/cmake/ament_cmake_export_dependencies-extras.cmake
-- Up-to-date symlink: /home/jeff/theimc_robot/install/theimc_bt_nodes/share/theimc_bt_nodes/cmake/theimc_bt_nodesConfig.cmake
-- Up-to-date symlink: /home/jeff/theimc_robot/install/theimc_bt_nodes/share/theimc_bt_nodes/cmake/theimc_bt_nodesConfig-version.cmake
-- Up-to-date symlink: /home/jeff/theimc_robot/install/theimc_bt_nodes/share/theimc_bt_nodes/package.xml
