[2.916s] Invoking command in '/home/jeff/theimc_robot/build/camera_perception_pkg': PYTHONPATH=/home/jeff/theimc_robot/build/camera_perception_pkg/prefix_override:/usr/lib/python3/dist-packages/colcon_core/task/python/colcon_distutils_commands:/home/jeff/theimc_robot/install/camera_perception_pkg/lib/python3.10/site-packages:${PYTHONPATH} /usr/bin/python3 -W ignore:setup.py install is deprecated -W ignore:easy_install command is deprecated setup.py develop --editable --build-directory /home/jeff/theimc_robot/build/camera_perception_pkg/build --no-deps symlink_data
[3.296s] /home/jeff/.local/lib/python3.10/site-packages/setuptools/_distutils/dist.py:289: UserWarning: Unknown distribution option: 'tests_require'
[3.296s]   warnings.warn(msg)
[3.627s] running develop
[4.067s] running egg_info
[4.101s] writing camera_perception_pkg.egg-info/PKG-INFO
[4.102s] writing dependency_links to camera_perception_pkg.egg-info/dependency_links.txt
[4.103s] writing entry points to camera_perception_pkg.egg-info/entry_points.txt
[4.103s] writing requirements to camera_perception_pkg.egg-info/requires.txt
[4.104s] writing top-level names to camera_perception_pkg.egg-info/top_level.txt
[4.178s] reading manifest file 'camera_perception_pkg.egg-info/SOURCES.txt'
[4.181s] writing manifest file 'camera_perception_pkg.egg-info/SOURCES.txt'
[4.219s] running build_ext
[4.219s] Creating /home/jeff/theimc_robot/install/camera_perception_pkg/lib/python3.10/site-packages/camera-perception-pkg.egg-link (link to .)
[4.221s] Installing aruco_detector_node script to /home/jeff/theimc_robot/install/camera_perception_pkg/lib/camera_perception_pkg
[4.222s] Installing image_publisher_node script to /home/jeff/theimc_robot/install/camera_perception_pkg/lib/camera_perception_pkg
[4.223s] Installing rail_info_extractor_node script to /home/jeff/theimc_robot/install/camera_perception_pkg/lib/camera_perception_pkg
[4.223s] Installing yolov26_node script to /home/jeff/theimc_robot/install/camera_perception_pkg/lib/camera_perception_pkg
[4.224s] 
[4.224s] Installed /home/jeff/theimc_robot/build/camera_perception_pkg
[4.224s] running symlink_data
[4.363s] Invoked command in '/home/jeff/theimc_robot/build/camera_perception_pkg' returned '0': PYTHONPATH=/home/jeff/theimc_robot/build/camera_perception_pkg/prefix_override:/usr/lib/python3/dist-packages/colcon_core/task/python/colcon_distutils_commands:/home/jeff/theimc_robot/install/camera_perception_pkg/lib/python3.10/site-packages:${PYTHONPATH} /usr/bin/python3 -W ignore:setup.py install is deprecated -W ignore:easy_install command is deprecated setup.py develop --editable --build-directory /home/jeff/theimc_robot/build/camera_perception_pkg/build --no-deps symlink_data
