[0.053s] Invoking command in '/home/jeff/theimc_robot/build/theimc_bt_nodes': CMAKE_PREFIX_PATH=/home/jeff/theimc_robot/install/theimc_navigation2:/home/jeff/theimc_robot/install/interfaces_pkg:/home/jeff/theimc_robot/install/theimc_bt_nodes:/home/jeff/theimc_robot/install/theimc_description:/home/jeff/theimc_robot/install/sllidar_ros2:/home/jeff/theimc_robot/install/theimc_teleop:/home/jeff/theimc_robot/install/theimc_bringup:/home/jeff/theimc_robot/install/localizer_server:/home/jeff/theimc_robot/install/decision_making_pkg:/home/jeff/theimc_robot/install/debug_pkg:/home/jeff/theimc_robot/install/camera_perception_pkg:/opt/ros/humble LD_LIBRARY_PATH=/home/jeff/theimc_robot/install/theimc_navigation2/lib:/home/jeff/theimc_robot/install/interfaces_pkg/lib:/home/jeff/theimc_robot/install/theimc_bt_nodes/lib:/opt/ros/humble/opt/rviz_ogre_vendor/lib:/opt/ros/humble/lib/aarch64-linux-gnu:/opt/ros/humble/lib /usr/bin/cmake --build /home/jeff/theimc_robot/build/theimc_bt_nodes -- -j6 -l6
[0.166s] [35m[1mConsolidate compiler generated dependencies of target mission_bt_runner[0m
[0.194s] [35m[1mConsolidate compiler generated dependencies of target theimc_bt_nodes[0m
[0.217s] [  8%] Built target mission_bt_runner
[0.337s] [ 13%] [32mBuilding CXX object CMakeFiles/theimc_bt_nodes.dir/src/register_nodes.cpp.o[0m
[10.926s] [ 17%] [32m[1mLinking CXX shared library libtheimc_bt_nodes.so[0m
[19.009s] [100%] Built target theimc_bt_nodes
[19.036s] Invoked command in '/home/jeff/theimc_robot/build/theimc_bt_nodes' returned '0': CMAKE_PREFIX_PATH=/home/jeff/theimc_robot/install/theimc_navigation2:/home/jeff/theimc_robot/install/interfaces_pkg:/home/jeff/theimc_robot/install/theimc_bt_nodes:/home/jeff/theimc_robot/install/theimc_description:/home/jeff/theimc_robot/install/sllidar_ros2:/home/jeff/theimc_robot/install/theimc_teleop:/home/jeff/theimc_robot/install/theimc_bringup:/home/jeff/theimc_robot/install/localizer_server:/home/jeff/theimc_robot/install/decision_making_pkg:/home/jeff/theimc_robot/install/debug_pkg:/home/jeff/theimc_robot/install/camera_perception_pkg:/opt/ros/humble LD_LIBRARY_PATH=/home/jeff/theimc_robot/install/theimc_navigation2/lib:/home/jeff/theimc_robot/install/interfaces_pkg/lib:/home/jeff/theimc_robot/install/theimc_bt_nodes/lib:/opt/ros/humble/opt/rviz_ogre_vendor/lib:/opt/ros/humble/lib/aarch64-linux-gnu:/opt/ros/humble/lib /usr/bin/cmake --build /home/jeff/theimc_robot/build/theimc_bt_nodes -- -j6 -l6
[19.061s] Invoking command in '/home/jeff/theimc_robot/build/theimc_bt_nodes': CMAKE_PREFIX_PATH=/home/jeff/theimc_robot/install/theimc_navigation2:/home/jeff/theimc_robot/install/interfaces_pkg:/home/jeff/theimc_robot/install/theimc_bt_nodes:/home/jeff/theimc_robot/install/theimc_description:/home/jeff/theimc_robot/install/sllidar_ros2:/home/jeff/theimc_robot/install/theimc_teleop:/home/jeff/theimc_robot/install/theimc_bringup:/home/jeff/theimc_robot/install/localizer_server:/home/jeff/theimc_robot/install/decision_making_pkg:/home/jeff/theimc_robot/install/debug_pkg:/home/jeff/theimc_robot/install/camera_perception_pkg:/opt/ros/humble LD_LIBRARY_PATH=/home/jeff/theimc_robot/install/theimc_navigation2/lib:/home/jeff/theimc_robot/install/interfaces_pkg/lib:/home/jeff/theimc_robot/install/theimc_bt_nodes/lib:/opt/ros/humble/opt/rviz_ogre_vendor/lib:/opt/ros/humble/lib/aarch64-linux-gnu:/opt/ros/humble/lib /usr/bin/cmake --install /home/jeff/theimc_robot/build/theimc_bt_nodes
[19.079s] -- Install configuration: ""
[19.080s] -- Execute custom install script
[19.080s] -- Up-to-date symlink: /home/jeff/theimc_robot/install/theimc_bt_nodes/share/theimc_bt_nodes//plugins.xml
[19.081s] -- Up-to-date symlink: /home/jeff/theimc_robot/install/theimc_bt_nodes/lib/libtheimc_bt_nodes.so
[19.081s] -- Up-to-date symlink: /home/jeff/theimc_robot/install/theimc_bt_nodes/lib/theimc_bt_nodes/mission_bt_runner
[19.082s] -- Up-to-date symlink: /home/jeff/theimc_robot/install/theimc_bt_nodes/include/theimc_bt_nodes/drive_cmd_vel.hpp
[19.083s] -- Up-to-date symlink: /home/jeff/theimc_robot/install/theimc_bt_nodes/include/theimc_bt_nodes/for_each_rail.hpp
[19.083s] -- Up-to-date symlink: /home/jeff/theimc_robot/install/theimc_bt_nodes/include/theimc_bt_nodes/get_location_pose.hpp
[19.083s] -- Up-to-date symlink: /home/jeff/theimc_robot/install/theimc_bt_nodes/include/theimc_bt_nodes/get_rail_pose.hpp
[19.084s] -- Up-to-date symlink: /home/jeff/theimc_robot/install/theimc_bt_nodes/include/theimc_bt_nodes/go_to_pose.hpp
[19.084s] -- Up-to-date symlink: /home/jeff/theimc_robot/install/theimc_bt_nodes/include/theimc_bt_nodes/is_battery_low.hpp
[19.084s] -- Up-to-date symlink: /home/jeff/theimc_robot/install/theimc_bt_nodes/include/theimc_bt_nodes/is_rail_obstacle.hpp
[19.084s] -- Up-to-date symlink: /home/jeff/theimc_robot/install/theimc_bt_nodes/include/theimc_bt_nodes/publish_rail_command.hpp
[19.085s] -- Up-to-date symlink: /home/jeff/theimc_robot/install/theimc_bt_nodes/include/theimc_bt_nodes/rail_approach.hpp
[19.085s] -- Up-to-date symlink: /home/jeff/theimc_robot/install/theimc_bt_nodes/include/theimc_bt_nodes/rail_enter.hpp
[19.085s] -- Up-to-date symlink: /home/jeff/theimc_robot/install/theimc_bt_nodes/include/theimc_bt_nodes/rail_exit.hpp
[19.085s] -- Up-to-date symlink: /home/jeff/theimc_robot/install/theimc_bt_nodes/include/theimc_bt_nodes/return_home_requested.hpp
[19.086s] -- Up-to-date symlink: /home/jeff/theimc_robot/install/theimc_bt_nodes/include/theimc_bt_nodes/save_current_pose.hpp
[19.086s] -- Up-to-date symlink: /home/jeff/theimc_robot/install/theimc_bt_nodes/include/theimc_bt_nodes/toggle_docking.hpp
[19.086s] -- Up-to-date symlink: /home/jeff/theimc_robot/install/theimc_bt_nodes/include/theimc_bt_nodes/wait_for_charge.hpp
[19.086s] -- Up-to-date symlink: /home/jeff/theimc_robot/install/theimc_bt_nodes/include/theimc_bt_nodes/wait_for_mission_trigger.hpp
[19.086s] -- Up-to-date symlink: /home/jeff/theimc_robot/install/theimc_bt_nodes/include/theimc_bt_nodes/wait_for_rail_clear.hpp
[19.087s] -- Up-to-date symlink: /home/jeff/theimc_robot/install/theimc_bt_nodes/include/theimc_bt_nodes/wait_for_rail_state.hpp
[19.087s] -- Up-to-date symlink: /home/jeff/theimc_robot/install/theimc_bt_nodes/include/theimc_bt_nodes/wait_seconds.hpp
[19.087s] -- Up-to-date symlink: /home/jeff/theimc_robot/install/theimc_bt_nodes/share/theimc_bt_nodes/launch/__pycache__/mission_bt_with_nav2.launch.cpython-310.pyc
[19.087s] -- Up-to-date symlink: /home/jeff/theimc_robot/install/theimc_bt_nodes/share/theimc_bt_nodes/launch/mission_bt_runner.launch.py
[19.087s] -- Up-to-date symlink: /home/jeff/theimc_robot/install/theimc_bt_nodes/share/theimc_bt_nodes/bt_xml/one_rail.xml
[19.088s] -- Up-to-date symlink: /home/jeff/theimc_robot/install/theimc_bt_nodes/share/theimc_bt_nodes/bt_xml/one_routine.xml
[19.088s] -- Up-to-date symlink: /home/jeff/theimc_robot/install/theimc_bt_nodes/share/theimc_bt_nodes/bt_xml/simple_home_rail_3times_bt.xml
[19.088s] -- Up-to-date symlink: /home/jeff/theimc_robot/install/theimc_bt_nodes/share/theimc_bt_nodes/bt_xml/theimc_bt.xml
[19.088s] -- Up-to-date symlink: /home/jeff/theimc_robot/install/theimc_bt_nodes/share/theimc_bt_nodes/config/rails.yaml
[19.089s] -- Up-to-date symlink: /home/jeff/theimc_robot/install/theimc_bt_nodes/share/theimc_bt_nodes/environment/library_path.sh
[19.089s] -- Up-to-date symlink: /home/jeff/theimc_robot/install/theimc_bt_nodes/share/theimc_bt_nodes/environment/library_path.dsv
[19.089s] -- Up-to-date symlink: /home/jeff/theimc_robot/install/theimc_bt_nodes/share/ament_index/resource_index/package_run_dependencies/theimc_bt_nodes
[19.089s] -- Up-to-date symlink: /home/jeff/theimc_robot/install/theimc_bt_nodes/share/ament_index/resource_index/parent_prefix_path/theimc_bt_nodes
[19.090s] -- Up-to-date symlink: /home/jeff/theimc_robot/install/theimc_bt_nodes/share/theimc_bt_nodes/environment/ament_prefix_path.sh
[19.090s] -- Up-to-date symlink: /home/jeff/theimc_robot/install/theimc_bt_nodes/share/theimc_bt_nodes/environment/ament_prefix_path.dsv
[19.090s] -- Up-to-date symlink: /home/jeff/theimc_robot/install/theimc_bt_nodes/share/theimc_bt_nodes/environment/path.sh
[19.091s] -- Up-to-date symlink: /home/jeff/theimc_robot/install/theimc_bt_nodes/share/theimc_bt_nodes/environment/path.dsv
[19.091s] -- Up-to-date symlink: /home/jeff/theimc_robot/install/theimc_bt_nodes/share/theimc_bt_nodes/local_setup.bash
[19.091s] -- Up-to-date symlink: /home/jeff/theimc_robot/install/theimc_bt_nodes/share/theimc_bt_nodes/local_setup.sh
[19.091s] -- Up-to-date symlink: /home/jeff/theimc_robot/install/theimc_bt_nodes/share/theimc_bt_nodes/local_setup.zsh
[19.092s] -- Up-to-date symlink: /home/jeff/theimc_robot/install/theimc_bt_nodes/share/theimc_bt_nodes/local_setup.dsv
[19.092s] -- Symlinking: /home/jeff/theimc_robot/install/theimc_bt_nodes/share/theimc_bt_nodes/package.dsv
[19.109s] -- Up-to-date symlink: /home/jeff/theimc_robot/install/theimc_bt_nodes/share/ament_index/resource_index/packages/theimc_bt_nodes
[19.109s] -- Up-to-date symlink: /home/jeff/theimc_robot/install/theimc_bt_nodes/share/ament_index/resource_index/nav2_behavior_tree__pluginlib__plugin/theimc_bt_nodes
[19.110s] -- Up-to-date symlink: /home/jeff/theimc_robot/install/theimc_bt_nodes/share/theimc_bt_nodes/cmake/ament_cmake_export_include_directories-extras.cmake
[19.110s] -- Up-to-date symlink: /home/jeff/theimc_robot/install/theimc_bt_nodes/share/theimc_bt_nodes/cmake/ament_cmake_export_libraries-extras.cmake
[19.110s] -- Up-to-date symlink: /home/jeff/theimc_robot/install/theimc_bt_nodes/share/theimc_bt_nodes/cmake/ament_cmake_export_dependencies-extras.cmake
[19.111s] -- Up-to-date symlink: /home/jeff/theimc_robot/install/theimc_bt_nodes/share/theimc_bt_nodes/cmake/theimc_bt_nodesConfig.cmake
[19.111s] -- Up-to-date symlink: /home/jeff/theimc_robot/install/theimc_bt_nodes/share/theimc_bt_nodes/cmake/theimc_bt_nodesConfig-version.cmake
[19.111s] -- Up-to-date symlink: /home/jeff/theimc_robot/install/theimc_bt_nodes/share/theimc_bt_nodes/package.xml
[19.116s] Invoked command in '/home/jeff/theimc_robot/build/theimc_bt_nodes' returned '0': CMAKE_PREFIX_PATH=/home/jeff/theimc_robot/install/theimc_navigation2:/home/jeff/theimc_robot/install/interfaces_pkg:/home/jeff/theimc_robot/install/theimc_bt_nodes:/home/jeff/theimc_robot/install/theimc_description:/home/jeff/theimc_robot/install/sllidar_ros2:/home/jeff/theimc_robot/install/theimc_teleop:/home/jeff/theimc_robot/install/theimc_bringup:/home/jeff/theimc_robot/install/localizer_server:/home/jeff/theimc_robot/install/decision_making_pkg:/home/jeff/theimc_robot/install/debug_pkg:/home/jeff/theimc_robot/install/camera_perception_pkg:/opt/ros/humble LD_LIBRARY_PATH=/home/jeff/theimc_robot/install/theimc_navigation2/lib:/home/jeff/theimc_robot/install/interfaces_pkg/lib:/home/jeff/theimc_robot/install/theimc_bt_nodes/lib:/opt/ros/humble/opt/rviz_ogre_vendor/lib:/opt/ros/humble/lib/aarch64-linux-gnu:/opt/ros/humble/lib /usr/bin/cmake --install /home/jeff/theimc_robot/build/theimc_bt_nodes
