-- The C compiler identification is GNU 11.4.0
-- The CXX compiler identification is GNU 11.4.0
-- Detecting C compiler ABI info
-- Detecting C compiler ABI info - done
-- Check for working C compiler: /usr/bin/cc - skipped
-- Detecting C compile features
-- Detecting C compile features - done
-- Detecting CXX compiler ABI info
-- Detecting CXX compiler ABI info - done
-- Check for working CXX compiler: /usr/bin/c++ - skipped
-- Detecting CXX compile features
-- Detecting CXX compile features - done
-- Found ament_cmake: 1.3.14 (/opt/ros/humble/share/ament_cmake/cmake)
-- Found Python3: /usr/bin/python3 (found version "3.10.12") found components: Interpreter 
-- Override CMake install command with custom implementation using symlinks instead of copying resources
-- Found ament_index_cpp: 1.4.1 (/opt/ros/humble/share/ament_index_cpp/cmake)
-- Found geometry_msgs: 4.9.1 (/opt/ros/humble/share/geometry_msgs/cmake)
-- Found rosidl_generator_c: 3.1.9 (/opt/ros/humble/share/rosidl_generator_c/cmake)
-- Found rosidl_adapter: 3.1.9 (/opt/ros/humble/share/rosidl_adapter/cmake)
-- Found rosidl_generator_cpp: 3.1.9 (/opt/ros/humble/share/rosidl_generator_cpp/cmake)
-- Using all available rosidl_typesupport_c: rosidl_typesupport_fastrtps_c;rosidl_typesupport_introspection_c
-- Using all available rosidl_typesupport_cpp: rosidl_typesupport_fastrtps_cpp;rosidl_typesupport_introspection_cpp
-- Found interfaces_pkg: 0.0.0 (/home/jeff/theimc_robot/install/interfaces_pkg/share/interfaces_pkg/cmake)
-- Found nav2_behavior_tree: 1.1.20 (/opt/ros/humble/share/nav2_behavior_tree/cmake)
-- Found rmw_implementation_cmake: 6.1.2 (/opt/ros/humble/share/rmw_implementation_cmake/cmake)
-- Found rmw_fastrtps_cpp: 6.2.10 (/opt/ros/humble/share/rmw_fastrtps_cpp/cmake)
-- Found OpenSSL: /usr/lib/aarch64-linux-gnu/libcrypto.so (found version "3.0.2")  
-- Found FastRTPS: /opt/ros/humble/include  
-- Using RMW implementation 'rmw_fastrtps_cpp' as default
-- Looking for pthread.h
-- Looking for pthread.h - found
-- Performing Test CMAKE_HAVE_LIBC_PTHREAD
-- Performing Test CMAKE_HAVE_LIBC_PTHREAD - Success
-- Found Threads: TRUE  
-- Found eigen3_cmake_module: 0.1.1 (/opt/ros/humble/share/eigen3_cmake_module/cmake)
-- Found Eigen3: TRUE (found version "3.4.0") 
-- Ensuring Eigen3 include directory is part of orocos-kdl CMake target
-- Found pluginlib: 5.1.4 (/opt/ros/humble/share/pluginlib/cmake)
-- Found yaml_cpp_vendor: 8.0.2 (/opt/ros/humble/share/yaml_cpp_vendor/cmake)
-- Configuring done
-- Generating done
-- Build files have been written to: /home/jeff/theimc_robot/build/theimc_bt_nodes
[ 17%] [32mBuilding CXX object CMakeFiles/theimc_bt_nodes.dir/src/go_to_pose.cpp.o[0m
[ 17%] [32mBuilding CXX object CMakeFiles/mission_bt_runner.dir/src/mission_bt_runner.cpp.o[0m
[ 21%] [32mBuilding CXX object CMakeFiles/theimc_bt_nodes.dir/src/publish_rail_command.cpp.o[0m
[ 17%] [32mBuilding CXX object CMakeFiles/theimc_bt_nodes.dir/src/for_each_rail.cpp.o[0m
[ 26%] [32mBuilding CXX object CMakeFiles/theimc_bt_nodes.dir/src/drive_cmd_vel.cpp.o[0m
[ 26%] [32mBuilding CXX object CMakeFiles/theimc_bt_nodes.dir/src/get_rail_pose.cpp.o[0m
[ 30%] [32mBuilding CXX object CMakeFiles/theimc_bt_nodes.dir/src/rail_approach.cpp.o[0m
[ 34%] [32mBuilding CXX object CMakeFiles/theimc_bt_nodes.dir/src/return_home_requested.cpp.o[0m
[ 39%] [32mBuilding CXX object CMakeFiles/theimc_bt_nodes.dir/src/register_nodes.cpp.o[0m
[ 43%] [32mBuilding CXX object CMakeFiles/theimc_bt_nodes.dir/src/wait_for_rail_state.cpp.o[0m
[ 47%] [32mBuilding CXX object CMakeFiles/theimc_bt_nodes.dir/src/wait_for_mission_trigger.cpp.o[0m
[ 52%] [32m[1mLinking CXX executable mission_bt_runner[0m
[ 56%] [32mBuilding CXX object CMakeFiles/theimc_bt_nodes.dir/src/wait_seconds.cpp.o[0m
[ 60%] [32mBuilding CXX object CMakeFiles/theimc_bt_nodes.dir/src/is_battery_low.cpp.o[0m
[ 60%] Built target mission_bt_runner
[ 65%] [32mBuilding CXX object CMakeFiles/theimc_bt_nodes.dir/src/wait_for_charge.cpp.o[0m
[ 69%] [32mBuilding CXX object CMakeFiles/theimc_bt_nodes.dir/src/save_current_pose.cpp.o[0m
[ 73%] [32mBuilding CXX object CMakeFiles/theimc_bt_nodes.dir/src/toggle_docking.cpp.o[0m
[ 78%] [32mBuilding CXX object CMakeFiles/theimc_bt_nodes.dir/src/is_rail_obstacle.cpp.o[0m
[ 82%] [32mBuilding CXX object CMakeFiles/theimc_bt_nodes.dir/src/wait_for_rail_clear.cpp.o[0m
[ 86%] [32mBuilding CXX object CMakeFiles/theimc_bt_nodes.dir/src/get_location_pose.cpp.o[0m
[ 91%] [32mBuilding CXX object CMakeFiles/theimc_bt_nodes.dir/src/rail_enter.cpp.o[0m
[ 95%] [32mBuilding CXX object CMakeFiles/theimc_bt_nodes.dir/src/rail_exit.cpp.o[0m
[100%] [32m[1mLinking CXX shared library libtheimc_bt_nodes.so[0m
[100%] Built target theimc_bt_nodes
-- Install configuration: ""
-- Execute custom install script
-- Symlinking: /home/jeff/theimc_robot/install/theimc_bt_nodes/share/theimc_bt_nodes//plugins.xml
-- Symlinking: /home/jeff/theimc_robot/install/theimc_bt_nodes/lib/libtheimc_bt_nodes.so
-- Symlinking: /home/jeff/theimc_robot/install/theimc_bt_nodes/lib/theimc_bt_nodes/mission_bt_runner
-- Symlinking: /home/jeff/theimc_robot/install/theimc_bt_nodes/include/theimc_bt_nodes/drive_cmd_vel.hpp
-- Symlinking: /home/jeff/theimc_robot/install/theimc_bt_nodes/include/theimc_bt_nodes/for_each_rail.hpp
-- Symlinking: /home/jeff/theimc_robot/install/theimc_bt_nodes/include/theimc_bt_nodes/get_location_pose.hpp
-- Symlinking: /home/jeff/theimc_robot/install/theimc_bt_nodes/include/theimc_bt_nodes/get_rail_pose.hpp
-- Symlinking: /home/jeff/theimc_robot/install/theimc_bt_nodes/include/theimc_bt_nodes/go_to_pose.hpp
-- Symlinking: /home/jeff/theimc_robot/install/theimc_bt_nodes/include/theimc_bt_nodes/is_battery_low.hpp
-- Symlinking: /home/jeff/theimc_robot/install/theimc_bt_nodes/include/theimc_bt_nodes/is_rail_obstacle.hpp
-- Symlinking: /home/jeff/theimc_robot/install/theimc_bt_nodes/include/theimc_bt_nodes/publish_rail_command.hpp
-- Symlinking: /home/jeff/theimc_robot/install/theimc_bt_nodes/include/theimc_bt_nodes/rail_approach.hpp
-- Symlinking: /home/jeff/theimc_robot/install/theimc_bt_nodes/include/theimc_bt_nodes/rail_enter.hpp
-- Symlinking: /home/jeff/theimc_robot/install/theimc_bt_nodes/include/theimc_bt_nodes/rail_exit.hpp
-- Symlinking: /home/jeff/theimc_robot/install/theimc_bt_nodes/include/theimc_bt_nodes/return_home_requested.hpp
-- Symlinking: /home/jeff/theimc_robot/install/theimc_bt_nodes/include/theimc_bt_nodes/save_current_pose.hpp
-- Symlinking: /home/jeff/theimc_robot/install/theimc_bt_nodes/include/theimc_bt_nodes/toggle_docking.hpp
-- Symlinking: /home/jeff/theimc_robot/install/theimc_bt_nodes/include/theimc_bt_nodes/wait_for_charge.hpp
-- Symlinking: /home/jeff/theimc_robot/install/theimc_bt_nodes/include/theimc_bt_nodes/wait_for_mission_trigger.hpp
-- Symlinking: /home/jeff/theimc_robot/install/theimc_bt_nodes/include/theimc_bt_nodes/wait_for_rail_clear.hpp
-- Symlinking: /home/jeff/theimc_robot/install/theimc_bt_nodes/include/theimc_bt_nodes/wait_for_rail_state.hpp
-- Symlinking: /home/jeff/theimc_robot/install/theimc_bt_nodes/include/theimc_bt_nodes/wait_seconds.hpp
-- Symlinking: /home/jeff/theimc_robot/install/theimc_bt_nodes/share/theimc_bt_nodes/launch/__pycache__/mission_bt_with_nav2.launch.cpython-310.pyc
-- Symlinking: /home/jeff/theimc_robot/install/theimc_bt_nodes/share/theimc_bt_nodes/launch/mission_bt_runner.launch.py
-- Symlinking: /home/jeff/theimc_robot/install/theimc_bt_nodes/share/theimc_bt_nodes/bt_xml/one_rail.xml
-- Symlinking: /home/jeff/theimc_robot/install/theimc_bt_nodes/share/theimc_bt_nodes/bt_xml/one_routine.xml
-- Symlinking: /home/jeff/theimc_robot/install/theimc_bt_nodes/share/theimc_bt_nodes/bt_xml/simple_home_rail_3times_bt.xml
-- Symlinking: /home/jeff/theimc_robot/install/theimc_bt_nodes/share/theimc_bt_nodes/bt_xml/theimc_bt.xml
-- Symlinking: /home/jeff/theimc_robot/install/theimc_bt_nodes/share/theimc_bt_nodes/config/rails.yaml
-- Symlinking: /home/jeff/theimc_robot/install/theimc_bt_nodes/share/theimc_bt_nodes/environment/library_path.sh
-- Symlinking: /home/jeff/theimc_robot/install/theimc_bt_nodes/share/theimc_bt_nodes/environment/library_path.dsv
-- Symlinking: /home/jeff/theimc_robot/install/theimc_bt_nodes/share/ament_index/resource_index/package_run_dependencies/theimc_bt_nodes
-- Symlinking: /home/jeff/theimc_robot/install/theimc_bt_nodes/share/ament_index/resource_index/parent_prefix_path/theimc_bt_nodes
-- Symlinking: /home/jeff/theimc_robot/install/theimc_bt_nodes/share/theimc_bt_nodes/environment/ament_prefix_path.sh
-- Symlinking: /home/jeff/theimc_robot/install/theimc_bt_nodes/share/theimc_bt_nodes/environment/ament_prefix_path.dsv
-- Symlinking: /home/jeff/theimc_robot/install/theimc_bt_nodes/share/theimc_bt_nodes/environment/path.sh
-- Symlinking: /home/jeff/theimc_robot/install/theimc_bt_nodes/share/theimc_bt_nodes/environment/path.dsv
-- Symlinking: /home/jeff/theimc_robot/install/theimc_bt_nodes/share/theimc_bt_nodes/local_setup.bash
-- Symlinking: /home/jeff/theimc_robot/install/theimc_bt_nodes/share/theimc_bt_nodes/local_setup.sh
-- Symlinking: /home/jeff/theimc_robot/install/theimc_bt_nodes/share/theimc_bt_nodes/local_setup.zsh
-- Symlinking: /home/jeff/theimc_robot/install/theimc_bt_nodes/share/theimc_bt_nodes/local_setup.dsv
-- Symlinking: /home/jeff/theimc_robot/install/theimc_bt_nodes/share/theimc_bt_nodes/package.dsv
-- Symlinking: /home/jeff/theimc_robot/install/theimc_bt_nodes/share/ament_index/resource_index/packages/theimc_bt_nodes
-- Symlinking: /home/jeff/theimc_robot/install/theimc_bt_nodes/share/ament_index/resource_index/nav2_behavior_tree__pluginlib__plugin/theimc_bt_nodes
-- Symlinking: /home/jeff/theimc_robot/install/theimc_bt_nodes/share/theimc_bt_nodes/cmake/ament_cmake_export_include_directories-extras.cmake
-- Symlinking: /home/jeff/theimc_robot/install/theimc_bt_nodes/share/theimc_bt_nodes/cmake/ament_cmake_export_libraries-extras.cmake
-- Symlinking: /home/jeff/theimc_robot/install/theimc_bt_nodes/share/theimc_bt_nodes/cmake/ament_cmake_export_dependencies-extras.cmake
-- Symlinking: /home/jeff/theimc_robot/install/theimc_bt_nodes/share/theimc_bt_nodes/cmake/theimc_bt_nodesConfig.cmake
-- Symlinking: /home/jeff/theimc_robot/install/theimc_bt_nodes/share/theimc_bt_nodes/cmake/theimc_bt_nodesConfig-version.cmake
-- Symlinking: /home/jeff/theimc_robot/install/theimc_bt_nodes/share/theimc_bt_nodes/package.xml
