[0.029s] Invoking command in '/home/jeff/theimc_robot/build/theimc_bt_nodes': CMAKE_PREFIX_PATH=/home/jeff/theimc_robot/install/theimc_navigation2:/home/jeff/theimc_robot/install/interfaces_pkg:/home/jeff/theimc_robot/install/theimc_bt_nodes:/home/jeff/theimc_robot/install/theimc_description:/home/jeff/theimc_robot/install/sllidar_ros2:/home/jeff/theimc_robot/install/theimc_teleop:/home/jeff/theimc_robot/install/theimc_bringup:/home/jeff/theimc_robot/install/localizer_server:/home/jeff/theimc_robot/install/decision_making_pkg:/home/jeff/theimc_robot/install/debug_pkg:/home/jeff/theimc_robot/install/camera_perception_pkg:/opt/ros/humble LD_LIBRARY_PATH=/home/jeff/theimc_robot/install/theimc_navigation2/lib:/home/jeff/theimc_robot/install/interfaces_pkg/lib:/home/jeff/theimc_robot/install/theimc_bt_nodes/lib:/opt/ros/humble/opt/rviz_ogre_vendor/lib:/opt/ros/humble/lib/aarch64-linux-gnu:/opt/ros/humble/lib /usr/bin/cmake --build /home/jeff/theimc_robot/build/theimc_bt_nodes -- -j6 -l6
[0.143s] [  8%] Built target mission_bt_runner
[0.206s] [100%] Built target theimc_bt_nodes
[0.232s] Invoked command in '/home/jeff/theimc_robot/build/theimc_bt_nodes' returned '0': CMAKE_PREFIX_PATH=/home/jeff/theimc_robot/install/theimc_navigation2:/home/jeff/theimc_robot/install/interfaces_pkg:/home/jeff/theimc_robot/install/theimc_bt_nodes:/home/jeff/theimc_robot/install/theimc_description:/home/jeff/theimc_robot/install/sllidar_ros2:/home/jeff/theimc_robot/install/theimc_teleop:/home/jeff/theimc_robot/install/theimc_bringup:/home/jeff/theimc_robot/install/localizer_server:/home/jeff/theimc_robot/install/decision_making_pkg:/home/jeff/theimc_robot/install/debug_pkg:/home/jeff/theimc_robot/install/camera_perception_pkg:/opt/ros/humble LD_LIBRARY_PATH=/home/jeff/theimc_robot/install/theimc_navigation2/lib:/home/jeff/theimc_robot/install/interfaces_pkg/lib:/home/jeff/theimc_robot/install/theimc_bt_nodes/lib:/opt/ros/humble/opt/rviz_ogre_vendor/lib:/opt/ros/humble/lib/aarch64-linux-gnu:/opt/ros/humble/lib /usr/bin/cmake --build /home/jeff/theimc_robot/build/theimc_bt_nodes -- -j6 -l6
[0.255s] Invoking command in '/home/jeff/theimc_robot/build/theimc_bt_nodes': CMAKE_PREFIX_PATH=/home/jeff/theimc_robot/install/theimc_navigation2:/home/jeff/theimc_robot/install/interfaces_pkg:/home/jeff/theimc_robot/install/theimc_bt_nodes:/home/jeff/theimc_robot/install/theimc_description:/home/jeff/theimc_robot/install/sllidar_ros2:/home/jeff/theimc_robot/install/theimc_teleop:/home/jeff/theimc_robot/install/theimc_bringup:/home/jeff/theimc_robot/install/localizer_server:/home/jeff/theimc_robot/install/decision_making_pkg:/home/jeff/theimc_robot/install/debug_pkg:/home/jeff/theimc_robot/install/camera_perception_pkg:/opt/ros/humble LD_LIBRARY_PATH=/home/jeff/theimc_robot/install/theimc_navigation2/lib:/home/jeff/theimc_robot/install/interfaces_pkg/lib:/home/jeff/theimc_robot/install/theimc_bt_nodes/lib:/opt/ros/humble/opt/rviz_ogre_vendor/lib:/opt/ros/humble/lib/aarch64-linux-gnu:/opt/ros/humble/lib /usr/bin/cmake --install /home/jeff/theimc_robot/build/theimc_bt_nodes
[0.273s] -- Install configuration: ""
[0.274s] -- Execute custom install script
[0.275s] -- Up-to-date symlink: /home/jeff/theimc_robot/install/theimc_bt_nodes/share/theimc_bt_nodes//plugins.xml
[0.275s] -- Up-to-date symlink: /home/jeff/theimc_robot/install/theimc_bt_nodes/lib/libtheimc_bt_nodes.so
[0.275s] -- Up-to-date symlink: /home/jeff/theimc_robot/install/theimc_bt_nodes/lib/theimc_bt_nodes/mission_bt_runner
[0.277s] -- Up-to-date symlink: /home/jeff/theimc_robot/install/theimc_bt_nodes/include/theimc_bt_nodes/drive_cmd_vel.hpp
[0.277s] -- Up-to-date symlink: /home/jeff/theimc_robot/install/theimc_bt_nodes/include/theimc_bt_nodes/for_each_rail.hpp
[0.277s] -- Up-to-date symlink: /home/jeff/theimc_robot/install/theimc_bt_nodes/include/theimc_bt_nodes/get_location_pose.hpp
[0.277s] -- Up-to-date symlink: /home/jeff/theimc_robot/install/theimc_bt_nodes/include/theimc_bt_nodes/get_rail_pose.hpp
[0.278s] -- Up-to-date symlink: /home/jeff/theimc_robot/install/theimc_bt_nodes/include/theimc_bt_nodes/go_to_pose.hpp
[0.278s] -- Up-to-date symlink: /home/jeff/theimc_robot/install/theimc_bt_nodes/include/theimc_bt_nodes/is_battery_low.hpp
[0.278s] -- Up-to-date symlink: /home/jeff/theimc_robot/install/theimc_bt_nodes/include/theimc_bt_nodes/is_rail_obstacle.hpp
[0.279s] -- Up-to-date symlink: /home/jeff/theimc_robot/install/theimc_bt_nodes/include/theimc_bt_nodes/publish_rail_command.hpp
[0.279s] -- Up-to-date symlink: /home/jeff/theimc_robot/install/theimc_bt_nodes/include/theimc_bt_nodes/rail_approach.hpp
[0.279s] -- Up-to-date symlink: /home/jeff/theimc_robot/install/theimc_bt_nodes/include/theimc_bt_nodes/rail_enter.hpp
[0.279s] -- Up-to-date symlink: /home/jeff/theimc_robot/install/theimc_bt_nodes/include/theimc_bt_nodes/rail_exit.hpp
[0.280s] -- Up-to-date symlink: /home/jeff/theimc_robot/install/theimc_bt_nodes/include/theimc_bt_nodes/return_home_requested.hpp
[0.280s] -- Up-to-date symlink: /home/jeff/theimc_robot/install/theimc_bt_nodes/include/theimc_bt_nodes/save_current_pose.hpp
[0.280s] -- Up-to-date symlink: /home/jeff/theimc_robot/install/theimc_bt_nodes/include/theimc_bt_nodes/toggle_docking.hpp
[0.280s] -- Up-to-date symlink: /home/jeff/theimc_robot/install/theimc_bt_nodes/include/theimc_bt_nodes/wait_for_charge.hpp
[0.281s] -- Up-to-date symlink: /home/jeff/theimc_robot/install/theimc_bt_nodes/include/theimc_bt_nodes/wait_for_mission_trigger.hpp
[0.281s] -- Up-to-date symlink: /home/jeff/theimc_robot/install/theimc_bt_nodes/include/theimc_bt_nodes/wait_for_rail_clear.hpp
[0.281s] -- Up-to-date symlink: /home/jeff/theimc_robot/install/theimc_bt_nodes/include/theimc_bt_nodes/wait_for_rail_state.hpp
[0.281s] -- Up-to-date symlink: /home/jeff/theimc_robot/install/theimc_bt_nodes/include/theimc_bt_nodes/wait_seconds.hpp
[0.282s] -- Up-to-date symlink: /home/jeff/theimc_robot/install/theimc_bt_nodes/share/theimc_bt_nodes/launch/__pycache__/mission_bt_with_nav2.launch.cpython-310.pyc
[0.282s] -- Up-to-date symlink: /home/jeff/theimc_robot/install/theimc_bt_nodes/share/theimc_bt_nodes/launch/mission_bt_runner.launch.py
[0.282s] -- Up-to-date symlink: /home/jeff/theimc_robot/install/theimc_bt_nodes/share/theimc_bt_nodes/bt_xml/one_rail.xml
[0.283s] -- Up-to-date symlink: /home/jeff/theimc_robot/install/theimc_bt_nodes/share/theimc_bt_nodes/bt_xml/one_routine.xml
[0.283s] -- Up-to-date symlink: /home/jeff/theimc_robot/install/theimc_bt_nodes/share/theimc_bt_nodes/bt_xml/rail_routine_example.xml
[0.283s] -- Up-to-date symlink: /home/jeff/theimc_robot/install/theimc_bt_nodes/share/theimc_bt_nodes/bt_xml/simple_home_rail_3times_bt.xml
[0.283s] -- Up-to-date symlink: /home/jeff/theimc_robot/install/theimc_bt_nodes/share/theimc_bt_nodes/bt_xml/theimc_bt.xml
[0.284s] -- Up-to-date symlink: /home/jeff/theimc_robot/install/theimc_bt_nodes/share/theimc_bt_nodes/config/rails.yaml
[0.284s] -- Up-to-date symlink: /home/jeff/theimc_robot/install/theimc_bt_nodes/share/theimc_bt_nodes/environment/library_path.sh
[0.285s] -- Up-to-date symlink: /home/jeff/theimc_robot/install/theimc_bt_nodes/share/theimc_bt_nodes/environment/library_path.dsv
[0.285s] -- Up-to-date symlink: /home/jeff/theimc_robot/install/theimc_bt_nodes/share/ament_index/resource_index/package_run_dependencies/theimc_bt_nodes
[0.286s] -- Up-to-date symlink: /home/jeff/theimc_robot/install/theimc_bt_nodes/share/ament_index/resource_index/parent_prefix_path/theimc_bt_nodes
[0.286s] -- Up-to-date symlink: /home/jeff/theimc_robot/install/theimc_bt_nodes/share/theimc_bt_nodes/environment/ament_prefix_path.sh
[0.286s] -- Up-to-date symlink: /home/jeff/theimc_robot/install/theimc_bt_nodes/share/theimc_bt_nodes/environment/ament_prefix_path.dsv
[0.286s] -- Up-to-date symlink: /home/jeff/theimc_robot/install/theimc_bt_nodes/share/theimc_bt_nodes/environment/path.sh
[0.287s] -- Up-to-date symlink: /home/jeff/theimc_robot/install/theimc_bt_nodes/share/theimc_bt_nodes/environment/path.dsv
[0.287s] -- Up-to-date symlink: /home/jeff/theimc_robot/install/theimc_bt_nodes/share/theimc_bt_nodes/local_setup.bash
[0.287s] -- Up-to-date symlink: /home/jeff/theimc_robot/install/theimc_bt_nodes/share/theimc_bt_nodes/local_setup.sh
[0.288s] -- Up-to-date symlink: /home/jeff/theimc_robot/install/theimc_bt_nodes/share/theimc_bt_nodes/local_setup.zsh
[0.288s] -- Up-to-date symlink: /home/jeff/theimc_robot/install/theimc_bt_nodes/share/theimc_bt_nodes/local_setup.dsv
[0.288s] -- Symlinking: /home/jeff/theimc_robot/install/theimc_bt_nodes/share/theimc_bt_nodes/package.dsv
[0.307s] -- Up-to-date symlink: /home/jeff/theimc_robot/install/theimc_bt_nodes/share/ament_index/resource_index/packages/theimc_bt_nodes
[0.308s] -- Up-to-date symlink: /home/jeff/theimc_robot/install/theimc_bt_nodes/share/ament_index/resource_index/nav2_behavior_tree__pluginlib__plugin/theimc_bt_nodes
[0.308s] -- Up-to-date symlink: /home/jeff/theimc_robot/install/theimc_bt_nodes/share/theimc_bt_nodes/cmake/ament_cmake_export_include_directories-extras.cmake
[0.308s] -- Up-to-date symlink: /home/jeff/theimc_robot/install/theimc_bt_nodes/share/theimc_bt_nodes/cmake/ament_cmake_export_libraries-extras.cmake
[0.309s] -- Up-to-date symlink: /home/jeff/theimc_robot/install/theimc_bt_nodes/share/theimc_bt_nodes/cmake/ament_cmake_export_dependencies-extras.cmake
[0.309s] -- Up-to-date symlink: /home/jeff/theimc_robot/install/theimc_bt_nodes/share/theimc_bt_nodes/cmake/theimc_bt_nodesConfig.cmake
[0.309s] -- Up-to-date symlink: /home/jeff/theimc_robot/install/theimc_bt_nodes/share/theimc_bt_nodes/cmake/theimc_bt_nodesConfig-version.cmake
[0.309s] -- Up-to-date symlink: /home/jeff/theimc_robot/install/theimc_bt_nodes/share/theimc_bt_nodes/package.xml
[0.315s] Invoked command in '/home/jeff/theimc_robot/build/theimc_bt_nodes' returned '0': CMAKE_PREFIX_PATH=/home/jeff/theimc_robot/install/theimc_navigation2:/home/jeff/theimc_robot/install/interfaces_pkg:/home/jeff/theimc_robot/install/theimc_bt_nodes:/home/jeff/theimc_robot/install/theimc_description:/home/jeff/theimc_robot/install/sllidar_ros2:/home/jeff/theimc_robot/install/theimc_teleop:/home/jeff/theimc_robot/install/theimc_bringup:/home/jeff/theimc_robot/install/localizer_server:/home/jeff/theimc_robot/install/decision_making_pkg:/home/jeff/theimc_robot/install/debug_pkg:/home/jeff/theimc_robot/install/camera_perception_pkg:/opt/ros/humble LD_LIBRARY_PATH=/home/jeff/theimc_robot/install/theimc_navigation2/lib:/home/jeff/theimc_robot/install/interfaces_pkg/lib:/home/jeff/theimc_robot/install/theimc_bt_nodes/lib:/opt/ros/humble/opt/rviz_ogre_vendor/lib:/opt/ros/humble/lib/aarch64-linux-gnu:/opt/ros/humble/lib /usr/bin/cmake --install /home/jeff/theimc_robot/build/theimc_bt_nodes
