[4.457s] Invoking command in '/home/jeff/theimc_robot/build/camera_perception_pkg': PYTHONPATH=/home/jeff/theimc_robot/build/camera_perception_pkg/prefix_override:/usr/lib/python3/dist-packages/colcon_core/task/python/colcon_distutils_commands:/home/jeff/theimc_robot/install/camera_perception_pkg/lib/python3.10/site-packages:${PYTHONPATH} /usr/bin/python3 -W ignore:setup.py install is deprecated -W ignore:easy_install command is deprecated setup.py develop --editable --build-directory /home/jeff/theimc_robot/build/camera_perception_pkg/build --no-deps symlink_data
[5.175s] running develop
[5.646s] running egg_info
[5.647s] writing camera_perception_pkg.egg-info/PKG-INFO
[5.647s] writing dependency_links to camera_perception_pkg.egg-info/dependency_links.txt
[5.648s] writing entry points to camera_perception_pkg.egg-info/entry_points.txt
[5.648s] writing requirements to camera_perception_pkg.egg-info/requires.txt
[5.648s] writing top-level names to camera_perception_pkg.egg-info/top_level.txt
[5.652s] reading manifest file 'camera_perception_pkg.egg-info/SOURCES.txt'
[5.654s] writing manifest file 'camera_perception_pkg.egg-info/SOURCES.txt'
[5.659s] running build_ext
[5.660s] Creating /home/jeff/theimc_robot/install/camera_perception_pkg/lib/python3.10/site-packages/camera-perception-pkg.egg-link (link to .)
[5.660s] Installing aruco_detector_node script to /home/jeff/theimc_robot/install/camera_perception_pkg/lib/camera_perception_pkg
[5.662s] Installing image_publisher_node script to /home/jeff/theimc_robot/install/camera_perception_pkg/lib/camera_perception_pkg
[5.662s] Installing rail_info_extractor_node script to /home/jeff/theimc_robot/install/camera_perception_pkg/lib/camera_perception_pkg
[5.663s] Installing yolov8_node script to /home/jeff/theimc_robot/install/camera_perception_pkg/lib/camera_perception_pkg
[5.663s] 
[5.664s] Installed /home/jeff/theimc_robot/build/camera_perception_pkg
[5.664s] running symlink_data
[5.764s] Invoked command in '/home/jeff/theimc_robot/build/camera_perception_pkg' returned '0': PYTHONPATH=/home/jeff/theimc_robot/build/camera_perception_pkg/prefix_override:/usr/lib/python3/dist-packages/colcon_core/task/python/colcon_distutils_commands:/home/jeff/theimc_robot/install/camera_perception_pkg/lib/python3.10/site-packages:${PYTHONPATH} /usr/bin/python3 -W ignore:setup.py install is deprecated -W ignore:easy_install command is deprecated setup.py develop --editable --build-directory /home/jeff/theimc_robot/build/camera_perception_pkg/build --no-deps symlink_data
