[0.040s] Invoking command in '/home/jeff/theimc_robot/build/theimc_bt_nodes': CMAKE_PREFIX_PATH=/home/jeff/theimc_robot/install/theimc_navigation2:/home/jeff/theimc_robot/install/interfaces_pkg:/home/jeff/theimc_robot/install/theimc_bt_nodes:/home/jeff/theimc_robot/install/theimc_description:/home/jeff/theimc_robot/install/sllidar_ros2:/home/jeff/theimc_robot/install/theimc_teleop:/home/jeff/theimc_robot/install/theimc_bringup:/home/jeff/theimc_robot/install/localizer_server:/home/jeff/theimc_robot/install/decision_making_pkg:/home/jeff/theimc_robot/install/debug_pkg:/home/jeff/theimc_robot/install/camera_perception_pkg:/opt/ros/humble LD_LIBRARY_PATH=/home/jeff/theimc_robot/install/theimc_navigation2/lib:/home/jeff/theimc_robot/install/interfaces_pkg/lib:/home/jeff/theimc_robot/install/theimc_bt_nodes/lib:/opt/ros/humble/opt/rviz_ogre_vendor/lib:/opt/ros/humble/lib/aarch64-linux-gnu:/opt/ros/humble/lib /usr/bin/cmake --build /home/jeff/theimc_robot/build/theimc_bt_nodes -- -j6 -l6
[0.099s] -- Found ament_cmake: 1.3.14 (/opt/ros/humble/share/ament_cmake/cmake)
[0.404s] -- Override CMake install command with custom implementation using symlinks instead of copying resources
[0.422s] -- Found ament_index_cpp: 1.4.1 (/opt/ros/humble/share/ament_index_cpp/cmake)
[0.424s] -- Found geometry_msgs: 4.9.1 (/opt/ros/humble/share/geometry_msgs/cmake)
[0.476s] -- Found rosidl_generator_c: 3.1.9 (/opt/ros/humble/share/rosidl_generator_c/cmake)
[0.482s] -- Found rosidl_adapter: 3.1.9 (/opt/ros/humble/share/rosidl_adapter/cmake)
[0.494s] -- Found rosidl_generator_cpp: 3.1.9 (/opt/ros/humble/share/rosidl_generator_cpp/cmake)
[0.515s] -- Using all available rosidl_typesupport_c: rosidl_typesupport_fastrtps_c;rosidl_typesupport_introspection_c
[0.541s] -- Using all available rosidl_typesupport_cpp: rosidl_typesupport_fastrtps_cpp;rosidl_typesupport_introspection_cpp
[0.615s] -- Found interfaces_pkg: 0.0.0 (/home/jeff/theimc_robot/install/interfaces_pkg/share/interfaces_pkg/cmake)
[0.694s] -- Found nav2_behavior_tree: 1.1.20 (/opt/ros/humble/share/nav2_behavior_tree/cmake)
[0.757s] -- Found rmw_implementation_cmake: 6.1.2 (/opt/ros/humble/share/rmw_implementation_cmake/cmake)
[0.760s] -- Found rmw_fastrtps_cpp: 6.2.10 (/opt/ros/humble/share/rmw_fastrtps_cpp/cmake)
[0.968s] -- Using RMW implementation 'rmw_fastrtps_cpp' as default
[1.311s] -- Found eigen3_cmake_module: 0.1.1 (/opt/ros/humble/share/eigen3_cmake_module/cmake)
[1.314s] -- Ensuring Eigen3 include directory is part of orocos-kdl CMake target
[1.401s] -- Found pluginlib: 5.1.4 (/opt/ros/humble/share/pluginlib/cmake)
[1.428s] -- Found yaml_cpp_vendor: 8.0.2 (/opt/ros/humble/share/yaml_cpp_vendor/cmake)
[1.694s] -- Configuring done
[1.858s] -- Generating done
[1.878s] -- Build files have been written to: /home/jeff/theimc_robot/build/theimc_bt_nodes
[1.958s] [35m[1mConsolidate compiler generated dependencies of target mission_bt_runner[0m
[1.974s] [35m[1mConsolidate compiler generated dependencies of target theimc_bt_nodes[0m
[2.020s] [  9%] Built target mission_bt_runner
[2.115s] [ 18%] [32mBuilding CXX object CMakeFiles/theimc_bt_nodes.dir/src/register_nodes.cpp.o[0m
[2.115s] [ 18%] [32mBuilding CXX object CMakeFiles/theimc_bt_nodes.dir/src/bt_obstacle_nodes.cpp.o[0m
[2.137s] [01m[K/home/jeff/theimc_robot/src/theimc_bt_nodes/src/bt_obstacle_nodes.cpp:1:10:[m[K [01;31m[Kfatal error: [m[Kbehaviortree_cpp/bt_factory.h: No such file or directory
[2.137s]     1 | #include [01;31m[K<behaviortree_cpp/bt_factory.h>[m[K
[2.137s]       |          [01;31m[K^~~~~~~~~~~~~~~~~~~~~~~~~~~~~~~[m[K
[2.137s] compilation terminated.
[2.139s] gmake[2]: *** [CMakeFiles/theimc_bt_nodes.dir/build.make:328: CMakeFiles/theimc_bt_nodes.dir/src/bt_obstacle_nodes.cpp.o] Error 1
[2.139s] gmake[2]: *** Waiting for unfinished jobs....
[2.821s] In file included from [01m[K/home/jeff/theimc_robot/src/theimc_bt_nodes/src/register_nodes.cpp:19[m[K:
[2.821s] [01m[K/home/jeff/theimc_robot/src/theimc_bt_nodes/include/theimc_bt_nodes/bt_obstacle_nodes.hpp:1:10:[m[K [01;31m[Kfatal error: [m[Kbehaviortree_cpp/condition_node.h: No such file or directory
[2.821s]     1 | #include [01;31m[K<behaviortree_cpp/condition_node.h>[m[K
[2.822s]       |          [01;31m[K^~~~~~~~~~~~~~~~~~~~~~~~~~~~~~~~~~~[m[K
[2.822s] compilation terminated.
[2.828s] gmake[2]: *** [CMakeFiles/theimc_bt_nodes.dir/build.make:174: CMakeFiles/theimc_bt_nodes.dir/src/register_nodes.cpp.o] Error 1
[2.829s] gmake[1]: *** [CMakeFiles/Makefile2:139: CMakeFiles/theimc_bt_nodes.dir/all] Error 2
[2.830s] gmake: *** [Makefile:146: all] Error 2
[2.838s] Invoked command in '/home/jeff/theimc_robot/build/theimc_bt_nodes' returned '2': CMAKE_PREFIX_PATH=/home/jeff/theimc_robot/install/theimc_navigation2:/home/jeff/theimc_robot/install/interfaces_pkg:/home/jeff/theimc_robot/install/theimc_bt_nodes:/home/jeff/theimc_robot/install/theimc_description:/home/jeff/theimc_robot/install/sllidar_ros2:/home/jeff/theimc_robot/install/theimc_teleop:/home/jeff/theimc_robot/install/theimc_bringup:/home/jeff/theimc_robot/install/localizer_server:/home/jeff/theimc_robot/install/decision_making_pkg:/home/jeff/theimc_robot/install/debug_pkg:/home/jeff/theimc_robot/install/camera_perception_pkg:/opt/ros/humble LD_LIBRARY_PATH=/home/jeff/theimc_robot/install/theimc_navigation2/lib:/home/jeff/theimc_robot/install/interfaces_pkg/lib:/home/jeff/theimc_robot/install/theimc_bt_nodes/lib:/opt/ros/humble/opt/rviz_ogre_vendor/lib:/opt/ros/humble/lib/aarch64-linux-gnu:/opt/ros/humble/lib /usr/bin/cmake --build /home/jeff/theimc_robot/build/theimc_bt_nodes -- -j6 -l6
