[2.042s] Invoking command in '/home/jeff/theimc_robot/build/camera_perception_pkg': PYTHONPATH=/home/jeff/theimc_robot/build/camera_perception_pkg/prefix_override:/usr/lib/python3/dist-packages/colcon_core/task/python/colcon_distutils_commands:/home/jeff/theimc_robot/install/camera_perception_pkg/lib/python3.10/site-packages:${PYTHONPATH} /usr/bin/python3 -W ignore:setup.py install is deprecated -W ignore:easy_install command is deprecated setup.py develop --editable --build-directory /home/jeff/theimc_robot/build/camera_perception_pkg/build --no-deps symlink_data
[2.659s] running develop
[3.062s] running egg_info
[3.062s] writing camera_perception_pkg.egg-info/PKG-INFO
[3.063s] writing dependency_links to camera_perception_pkg.egg-info/dependency_links.txt
[3.063s] writing entry points to camera_perception_pkg.egg-info/entry_points.txt
[3.063s] writing requirements to camera_perception_pkg.egg-info/requires.txt
[3.064s] writing top-level names to camera_perception_pkg.egg-info/top_level.txt
[3.068s] reading manifest file 'camera_perception_pkg.egg-info/SOURCES.txt'
[3.070s] writing manifest file 'camera_perception_pkg.egg-info/SOURCES.txt'
[3.073s] running build_ext
[3.074s] Creating /home/jeff/theimc_robot/install/camera_perception_pkg/lib/python3.10/site-packages/camera-perception-pkg.egg-link (link to .)
[3.076s] Installing aruco_detector_node script to /home/jeff/theimc_robot/install/camera_perception_pkg/lib/camera_perception_pkg
[3.076s] Installing image_publisher_node script to /home/jeff/theimc_robot/install/camera_perception_pkg/lib/camera_perception_pkg
[3.077s] Installing rail_info_extractor_node script to /home/jeff/theimc_robot/install/camera_perception_pkg/lib/camera_perception_pkg
[3.077s] Installing yolov26_node script to /home/jeff/theimc_robot/install/camera_perception_pkg/lib/camera_perception_pkg
[3.077s] 
[3.078s] Installed /home/jeff/theimc_robot/build/camera_perception_pkg
[3.078s] running symlink_data
[3.167s] Invoked command in '/home/jeff/theimc_robot/build/camera_perception_pkg' returned '0': PYTHONPATH=/home/jeff/theimc_robot/build/camera_perception_pkg/prefix_override:/usr/lib/python3/dist-packages/colcon_core/task/python/colcon_distutils_commands:/home/jeff/theimc_robot/install/camera_perception_pkg/lib/python3.10/site-packages:${PYTHONPATH} /usr/bin/python3 -W ignore:setup.py install is deprecated -W ignore:easy_install command is deprecated setup.py develop --editable --build-directory /home/jeff/theimc_robot/build/camera_perception_pkg/build --no-deps symlink_data
