[2.882s] Invoking command in '/home/jeff/theimc_robot/build/camera_perception_pkg': PYTHONPATH=/home/jeff/theimc_robot/build/camera_perception_pkg/prefix_override:/usr/lib/python3/dist-packages/colcon_core/task/python/colcon_distutils_commands:/home/jeff/theimc_robot/install/camera_perception_pkg/lib/python3.10/site-packages:${PYTHONPATH} /usr/bin/python3 -W ignore:setup.py install is deprecated -W ignore:easy_install command is deprecated setup.py develop --editable --build-directory /home/jeff/theimc_robot/build/camera_perception_pkg/build --no-deps symlink_data
[3.259s] /home/jeff/.local/lib/python3.10/site-packages/setuptools/_distutils/dist.py:289: UserWarning: Unknown distribution option: 'tests_require'
[3.259s]   warnings.warn(msg)
[3.589s] running develop
[4.032s] running egg_info
[4.067s] writing camera_perception_pkg.egg-info/PKG-INFO
[4.068s] writing dependency_links to camera_perception_pkg.egg-info/dependency_links.txt
[4.069s] writing entry points to camera_perception_pkg.egg-info/entry_points.txt
[4.069s] writing requirements to camera_perception_pkg.egg-info/requires.txt
[4.070s] writing top-level names to camera_perception_pkg.egg-info/top_level.txt
[4.144s] reading manifest file 'camera_perception_pkg.egg-info/SOURCES.txt'
[4.147s] writing manifest file 'camera_perception_pkg.egg-info/SOURCES.txt'
[4.184s] running build_ext
[4.185s] Creating /home/jeff/theimc_robot/install/camera_perception_pkg/lib/python3.10/site-packages/camera-perception-pkg.egg-link (link to .)
[4.186s] Installing aruco_detector_node script to /home/jeff/theimc_robot/install/camera_perception_pkg/lib/camera_perception_pkg
[4.187s] Installing image_publisher_node script to /home/jeff/theimc_robot/install/camera_perception_pkg/lib/camera_perception_pkg
[4.187s] Installing rail_info_extractor_node script to /home/jeff/theimc_robot/install/camera_perception_pkg/lib/camera_perception_pkg
[4.188s] Installing yolov26_node script to /home/jeff/theimc_robot/install/camera_perception_pkg/lib/camera_perception_pkg
[4.188s] 
[4.188s] Installed /home/jeff/theimc_robot/build/camera_perception_pkg
[4.189s] running symlink_data
[4.283s] Invoked command in '/home/jeff/theimc_robot/build/camera_perception_pkg' returned '0': PYTHONPATH=/home/jeff/theimc_robot/build/camera_perception_pkg/prefix_override:/usr/lib/python3/dist-packages/colcon_core/task/python/colcon_distutils_commands:/home/jeff/theimc_robot/install/camera_perception_pkg/lib/python3.10/site-packages:${PYTHONPATH} /usr/bin/python3 -W ignore:setup.py install is deprecated -W ignore:easy_install command is deprecated setup.py develop --editable --build-directory /home/jeff/theimc_robot/build/camera_perception_pkg/build --no-deps symlink_data
