/home/jeff/.local/lib/python3.10/site-packages/setuptools/_distutils/dist.py:289: UserWarning: Unknown distribution option: 'tests_require'
  warnings.warn(msg)
/home/jeff/.local/lib/python3.10/site-packages/setuptools/dist.py:759: SetuptoolsDeprecationWarning: License classifiers are deprecated.
!!

        ********************************************************************************
        Please consider removing the following classifiers in favor of a SPDX license expression:

        License :: OSI Approved :: Apache Software License

        See https://packaging.python.org/en/latest/guides/writing-pyproject-toml/#license for details.
        ********************************************************************************

!!
  self._finalize_license_expression()
running develop
running egg_info
writing theimc_bringup.egg-info/PKG-INFO
writing dependency_links to theimc_bringup.egg-info/dependency_links.txt
writing entry points to theimc_bringup.egg-info/entry_points.txt
writing requirements to theimc_bringup.egg-info/requires.txt
writing top-level names to theimc_bringup.egg-info/top_level.txt
reading manifest file 'theimc_bringup.egg-info/SOURCES.txt'
writing manifest file 'theimc_bringup.egg-info/SOURCES.txt'
running build_ext
Creating /home/jeff/theimc_robot/install/theimc_bringup/lib/python3.10/site-packages/theimc-bringup.egg-link (link to .)
Installing bringup_node script to /home/jeff/theimc_robot/install/theimc_bringup/lib/theimc_bringup
Installing isaac_vslam_odom_adapter_node script to /home/jeff/theimc_robot/install/theimc_bringup/lib/theimc_bringup
Installing last_pose_manager_node script to /home/jeff/theimc_robot/install/theimc_bringup/lib/theimc_bringup
Installing robot_agent_node script to /home/jeff/theimc_robot/install/theimc_bringup/lib/theimc_bringup
Installing rtabmap_pose_validator_node script to /home/jeff/theimc_robot/install/theimc_bringup/lib/theimc_bringup

Installed /home/jeff/theimc_robot/build/theimc_bringup
running symlink_data
