[2.883s] Invoking command in '/home/jeff/theimc_robot/build/theimc_bringup': PYTHONPATH=/home/jeff/theimc_robot/build/theimc_bringup/prefix_override:/usr/lib/python3/dist-packages/colcon_core/task/python/colcon_distutils_commands:/home/jeff/theimc_robot/install/theimc_bringup/lib/python3.10/site-packages:${PYTHONPATH} /usr/bin/python3 -W ignore:setup.py install is deprecated -W ignore:easy_install command is deprecated setup.py develop --editable --build-directory /home/jeff/theimc_robot/build/theimc_bringup/build --no-deps symlink_data
[3.276s] /home/jeff/.local/lib/python3.10/site-packages/setuptools/_distutils/dist.py:289: UserWarning: Unknown distribution option: 'tests_require'
[3.276s]   warnings.warn(msg)
[3.318s] /home/jeff/.local/lib/python3.10/site-packages/setuptools/dist.py:759: SetuptoolsDeprecationWarning: License classifiers are deprecated.
[3.318s] !!
[3.318s] 
[3.319s]         ********************************************************************************
[3.319s]         Please consider removing the following classifiers in favor of a SPDX license expression:
[3.319s] 
[3.319s]         License :: OSI Approved :: Apache Software License
[3.319s] 
[3.319s]         See https://packaging.python.org/en/latest/guides/writing-pyproject-toml/#license for details.
[3.319s]         ********************************************************************************
[3.320s] 
[3.320s] !!
[3.320s]   self._finalize_license_expression()
[3.606s] running develop
[4.046s] running egg_info
[4.081s] writing theimc_bringup.egg-info/PKG-INFO
[4.082s] writing dependency_links to theimc_bringup.egg-info/dependency_links.txt
[4.082s] writing entry points to theimc_bringup.egg-info/entry_points.txt
[4.083s] writing requirements to theimc_bringup.egg-info/requires.txt
[4.083s] writing top-level names to theimc_bringup.egg-info/top_level.txt
[4.158s] reading manifest file 'theimc_bringup.egg-info/SOURCES.txt'
[4.161s] writing manifest file 'theimc_bringup.egg-info/SOURCES.txt'
[4.199s] running build_ext
[4.199s] Creating /home/jeff/theimc_robot/install/theimc_bringup/lib/python3.10/site-packages/theimc-bringup.egg-link (link to .)
[4.201s] Installing bringup_node script to /home/jeff/theimc_robot/install/theimc_bringup/lib/theimc_bringup
[4.201s] Installing isaac_vslam_odom_adapter_node script to /home/jeff/theimc_robot/install/theimc_bringup/lib/theimc_bringup
[4.202s] Installing last_pose_manager_node script to /home/jeff/theimc_robot/install/theimc_bringup/lib/theimc_bringup
[4.203s] Installing robot_agent_node script to /home/jeff/theimc_robot/install/theimc_bringup/lib/theimc_bringup
[4.203s] Installing rtabmap_pose_validator_node script to /home/jeff/theimc_robot/install/theimc_bringup/lib/theimc_bringup
[4.204s] 
[4.204s] Installed /home/jeff/theimc_robot/build/theimc_bringup
[4.204s] running symlink_data
[4.297s] Invoked command in '/home/jeff/theimc_robot/build/theimc_bringup' returned '0': PYTHONPATH=/home/jeff/theimc_robot/build/theimc_bringup/prefix_override:/usr/lib/python3/dist-packages/colcon_core/task/python/colcon_distutils_commands:/home/jeff/theimc_robot/install/theimc_bringup/lib/python3.10/site-packages:${PYTHONPATH} /usr/bin/python3 -W ignore:setup.py install is deprecated -W ignore:easy_install command is deprecated setup.py develop --editable --build-directory /home/jeff/theimc_robot/build/theimc_bringup/build --no-deps symlink_data
