[01m[K/home/jeff/theimc_robot/src/theimc_bt_nodes/src/save_rail_progress.cpp:[m[K In static member function ‘[01m[Kstatic BT::PortsList theimc_bt_nodes::SaveRailProgress::providedPorts()[m[K’:
[01m[K/home/jeff/theimc_robot/src/theimc_bt_nodes/src/save_rail_progress.cpp:53:24:[m[K [01;31m[Kerror: [m[Kno matching function for call to ‘[01m[KInputPort<bool>(const char [10], bool)[m[K’
   53 | [01;31m[Kl>("completed", false)[m[K,
      | [01;31m[K~~^~~~~~~~~~~~~~~~~~~~[m[K

In file included from [01m[K/opt/ros/humble/include/behaviortree_cpp_v3/tree_node.h:22[m[K,
                 from [01m[K/opt/ros/humble/include/behaviortree_cpp_v3/leaf_node.h:17[m[K,
                 from [01m[K/opt/ros/humble/include/behaviortree_cpp_v3/action_node.h:22[m[K,
                 from [01m[K/home/jeff/theimc_robot/src/theimc_bt_nodes/include/theimc_bt_nodes/save_rail_progress.hpp:6[m[K,
                 from [01m[K/home/jeff/theimc_robot/src/theimc_bt_nodes/src/save_rail_progress.cpp:1[m[K:
[01m[K/opt/ros/humble/include/behaviortree_cpp_v3/basic_types.h:302:41:[m[K [01;36m[Knote: [m[Kcandidate: ‘[01m[Kstd::pair<std::__cxx11::basic_string<char>, BT::PortInfo> BT::InputPort(BT::StringView, BT::StringView) [with T = bool; BT::StringView = nonstd::sv_lite::basic_string_view<char>][m[K’
  302 | > [01;36m[KInputPort[m[K(StringView name,
      |   [01;36m[K^~~~~~~~~[m[K

[01m[K/opt/ros/humble/include/behaviortree_cpp_v3/basic_types.h:303:62:[m[K [01;36m[Knote: [m[K  no known conversion for argument 2 from ‘[01m[Kbool[m[K’ to ‘[01m[KBT::StringView[m[K’ {aka ‘[01m[Knonstd::sv_lite::basic_string_view<char>[m[K’}
  303 | [01;36m[Kw description = {}[m[K)
      | [01;36m[K~~^~~~~~~~~~~~~~~~[m[K

[01m[K/opt/ros/humble/include/behaviortree_cpp_v3/basic_types.h:323:41:[m[K [01;36m[Knote: [m[Kcandidate: ‘[01m[Kstd::pair<std::__cxx11::basic_string<char>, BT::PortInfo> BT::InputPort(BT::StringView, const T&, BT::StringView) [with T = bool; BT::StringView = nonstd::sv_lite::basic_string_view<char>][m[K’
  323 | > [01;36m[KInputPort[m[K(StringView name, const T& default_value,
      |   [01;36m[K^~~~~~~~~[m[K

[01m[K/opt/ros/humble/include/behaviortree_cpp_v3/basic_types.h:323:41:[m[K [01;36m[Knote: [m[K  candidate expects 3 arguments, 2 provided
[01m[K/home/jeff/theimc_robot/src/theimc_bt_nodes/src/save_rail_progress.cpp:62:26:[m[K [01;31m[Kerror: [m[Kno matching function for call to ‘[01m[KInputPort<double>(const char [15], double)[m[K’
   62 | [01;31m[Ke>("odom_stale_sec", 0.5)[m[K,
      | [01;31m[K~~^~~~~~~~~~~~~~~~~~~~~~~[m[K

In file included from [01m[K/opt/ros/humble/include/behaviortree_cpp_v3/tree_node.h:22[m[K,
                 from [01m[K/opt/ros/humble/include/behaviortree_cpp_v3/leaf_node.h:17[m[K,
                 from [01m[K/opt/ros/humble/include/behaviortree_cpp_v3/action_node.h:22[m[K,
                 from [01m[K/home/jeff/theimc_robot/src/theimc_bt_nodes/include/theimc_bt_nodes/save_rail_progress.hpp:6[m[K,
                 from [01m[K/home/jeff/theimc_robot/src/theimc_bt_nodes/src/save_rail_progress.cpp:1[m[K:
[01m[K/opt/ros/humble/include/behaviortree_cpp_v3/basic_types.h:302:41:[m[K [01;36m[Knote: [m[Kcandidate: ‘[01m[Kstd::pair<std::__cxx11::basic_string<char>, BT::PortInfo> BT::InputPort(BT::StringView, BT::StringView) [with T = double; BT::StringView = nonstd::sv_lite::basic_string_view<char>][m[K’
  302 | > [01;36m[KInputPort[m[K(StringView name,
      |   [01;36m[K^~~~~~~~~[m[K

[01m[K/opt/ros/humble/include/behaviortree_cpp_v3/basic_types.h:303:62:[m[K [01;36m[Knote: [m[K  no known conversion for argument 2 from ‘[01m[Kdouble[m[K’ to ‘[01m[KBT::StringView[m[K’ {aka ‘[01m[Knonstd::sv_lite::basic_string_view<char>[m[K’}
  303 | [01;36m[Kw description = {}[m[K)
      | [01;36m[K~~^~~~~~~~~~~~~~~~[m[K

[01m[K/opt/ros/humble/include/behaviortree_cpp_v3/basic_types.h:323:41:[m[K [01;36m[Knote: [m[Kcandidate: ‘[01m[Kstd::pair<std::__cxx11::basic_string<char>, BT::PortInfo> BT::InputPort(BT::StringView, const T&, BT::StringView) [with T = double; BT::StringView = nonstd::sv_lite::basic_string_view<char>][m[K’
  323 | > [01;36m[KInputPort[m[K(StringView name, const T& default_value,
      |   [01;36m[K^~~~~~~~~[m[K

[01m[K/opt/ros/humble/include/behaviortree_cpp_v3/basic_types.h:323:41:[m[K [01;36m[Knote: [m[K  candidate expects 3 arguments, 2 provided
[01m[K/home/jeff/theimc_robot/src/theimc_bt_nodes/src/save_rail_progress.cpp:64:3:[m[K [01;31m[Kerror: [m[Kcould not convert ‘[01m[K{BT::InputPort(BT::StringView, BT::StringView) [with T = int; BT::StringView = nonstd::sv_lite::basic_string_view<char>](nonstd::sv_lite::basic_string_view<char>()), BT::InputPort(BT::StringView, const T&, BT::StringView) [with T = std::__cxx11::basic_string<char>; BT::StringView = nonstd::sv_lite::basic_string_view<char>](std::__cxx11::basic_string<char>(((const char*)""), std::allocator<char>()), nonstd::sv_lite::basic_string_view<char>(((const char*)"Empty = ~/.ros/theimc_rail_progress.yaml"))), <expression error>, BT::InputPort(BT::StringView, const T&, BT::StringView) [with T = bool; BT::StringView = nonstd::sv_lite::basic_string_view<char>](false, nonstd::sv_lite::basic_string_view<char>(((const char*)"true saves exact current distance"))), BT::InputPort(BT::StringView, const T&, BT::StringView) [with T = bool; BT::StringView = nonstd::sv_lite::basic_string_view<char>](false, nonstd::sv_lite::basic_string_view<char>(((const char*)"true marks this rail as interrupted/resume target"))), <expression error>, BT::OutputPort(BT::StringView, BT::StringView) [with T = double; BT::StringView = nonstd::sv_lite::basic_string_view<char>](nonstd::sv_lite::basic_string_view<char>())}[m[K’ from ‘[01m[K<brace-enclosed initializer list>[m[K’ to ‘[01m[KBT::PortsList[m[K’ {aka ‘[01m[Kstd::unordered_map<std::__cxx11::basic_string<char>, BT::PortInfo>[m[K’}
   64 |   [01;31m[K}[m[K;
      |   [01;31m[K^[m[K
      |   [01;31m[K|[m[K
      |   [01;31m[K<brace-enclosed initializer list>[m[K
gmake[2]: *** [CMakeFiles/theimc_bt_nodes.dir/build.make:300: CMakeFiles/theimc_bt_nodes.dir/src/save_rail_progress.cpp.o] Error 1
gmake[2]: *** Waiting for unfinished jobs....
gmake[1]: *** [CMakeFiles/Makefile2:139: CMakeFiles/theimc_bt_nodes.dir/all] Error 2
gmake: *** [Makefile:146: all] Error 2
