-- Found ament_cmake: 1.3.14 (/opt/ros/humble/share/ament_cmake/cmake)
-- Override CMake install command with custom implementation using symlinks instead of copying resources
-- Found ament_index_cpp: 1.4.1 (/opt/ros/humble/share/ament_index_cpp/cmake)
-- Found geometry_msgs: 4.9.1 (/opt/ros/humble/share/geometry_msgs/cmake)
-- Found rosidl_generator_c: 3.1.9 (/opt/ros/humble/share/rosidl_generator_c/cmake)
-- Found rosidl_adapter: 3.1.9 (/opt/ros/humble/share/rosidl_adapter/cmake)
-- Found rosidl_generator_cpp: 3.1.9 (/opt/ros/humble/share/rosidl_generator_cpp/cmake)
-- Using all available rosidl_typesupport_c: rosidl_typesupport_fastrtps_c;rosidl_typesupport_introspection_c
-- Using all available rosidl_typesupport_cpp: rosidl_typesupport_fastrtps_cpp;rosidl_typesupport_introspection_cpp
-- Found interfaces_pkg: 0.0.0 (/home/jeff/theimc_robot/install/interfaces_pkg/share/interfaces_pkg/cmake)
-- Found nav2_behavior_tree: 1.1.20 (/opt/ros/humble/share/nav2_behavior_tree/cmake)
-- Found rmw_implementation_cmake: 6.1.2 (/opt/ros/humble/share/rmw_implementation_cmake/cmake)
-- Found rmw_fastrtps_cpp: 6.2.10 (/opt/ros/humble/share/rmw_fastrtps_cpp/cmake)
-- Using RMW implementation 'rmw_fastrtps_cpp' as default
-- Found eigen3_cmake_module: 0.1.1 (/opt/ros/humble/share/eigen3_cmake_module/cmake)
-- Ensuring Eigen3 include directory is part of orocos-kdl CMake target
-- Found pluginlib: 5.1.4 (/opt/ros/humble/share/pluginlib/cmake)
-- Found yaml_cpp_vendor: 8.0.2 (/opt/ros/humble/share/yaml_cpp_vendor/cmake)
-- Configuring done
-- Generating done
-- Build files have been written to: /home/jeff/theimc_robot/build/theimc_bt_nodes
[35m[1mConsolidate compiler generated dependencies of target theimc_bt_nodes[0m
[  4%] [32mBuilding CXX object CMakeFiles/theimc_bt_nodes.dir/src/clear_resume_target.cpp.o[0m
[  8%] [32mBuilding CXX object CMakeFiles/theimc_bt_nodes.dir/src/get_location_pose.cpp.o[0m
[ 13%] [32mBuilding CXX object CMakeFiles/theimc_bt_nodes.dir/src/get_rail_pose.cpp.o[0m
[ 17%] [32mBuilding CXX object CMakeFiles/theimc_bt_nodes.dir/src/go_to_pose.cpp.o[0m
[ 21%] [32mBuilding CXX object CMakeFiles/theimc_bt_nodes.dir/src/for_each_rail.cpp.o[0m
[ 26%] [32mBuilding CXX object CMakeFiles/theimc_bt_nodes.dir/src/drive_until_rail_state.cpp.o[0m
[ 30%] [32mBuilding CXX object CMakeFiles/theimc_bt_nodes.dir/src/drive_cmd_vel.cpp.o[0m
[ 34%] [32mBuilding CXX object CMakeFiles/theimc_bt_nodes.dir/src/is_battery_low.cpp.o[0m
[ 39%] [32mBuilding CXX object CMakeFiles/theimc_bt_nodes.dir/src/rail_enter.cpp.o[0m
[ 43%] [32mBuilding CXX object CMakeFiles/theimc_bt_nodes.dir/src/rail_approach.cpp.o[0m
[ 47%] [32mBuilding CXX object CMakeFiles/theimc_bt_nodes.dir/src/rail_exit.cpp.o[0m
[ 52%] [32mBuilding CXX object CMakeFiles/theimc_bt_nodes.dir/src/publish_rail_command.cpp.o[0m
[ 56%] [32mBuilding CXX object CMakeFiles/theimc_bt_nodes.dir/src/load_resume_target.cpp.o[0m
[ 60%] [32mBuilding CXX object CMakeFiles/theimc_bt_nodes.dir/src/rail_move_to_distance.cpp.o[0m
[ 65%] [32mBuilding CXX object CMakeFiles/theimc_bt_nodes.dir/src/save_rail_progress.cpp.o[0m
[ 69%] [32mBuilding CXX object CMakeFiles/theimc_bt_nodes.dir/src/toggle_docking.cpp.o[0m
[ 73%] [32mBuilding CXX object CMakeFiles/theimc_bt_nodes.dir/src/return_home_requested.cpp.o[0m
[01m[K/home/jeff/theimc_robot/src/theimc_bt_nodes/src/save_rail_progress.cpp:[m[K In static member function ‘[01m[Kstatic BT::PortsList theimc_bt_nodes::SaveRailProgress::providedPorts()[m[K’:
[01m[K/home/jeff/theimc_robot/src/theimc_bt_nodes/src/save_rail_progress.cpp:53:24:[m[K [01;31m[Kerror: [m[Kno matching function for call to ‘[01m[KInputPort<bool>(const char [10], bool)[m[K’
   53 | [01;31m[Kl>("completed", false)[m[K,
      | [01;31m[K~~^~~~~~~~~~~~~~~~~~~~[m[K

In file included from [01m[K/opt/ros/humble/include/behaviortree_cpp_v3/tree_node.h:22[m[K,
                 from [01m[K/opt/ros/humble/include/behaviortree_cpp_v3/leaf_node.h:17[m[K,
                 from [01m[K/opt/ros/humble/include/behaviortree_cpp_v3/action_node.h:22[m[K,
                 from [01m[K/home/jeff/theimc_robot/src/theimc_bt_nodes/include/theimc_bt_nodes/save_rail_progress.hpp:6[m[K,
                 from [01m[K/home/jeff/theimc_robot/src/theimc_bt_nodes/src/save_rail_progress.cpp:1[m[K:
[01m[K/opt/ros/humble/include/behaviortree_cpp_v3/basic_types.h:302:41:[m[K [01;36m[Knote: [m[Kcandidate: ‘[01m[Kstd::pair<std::__cxx11::basic_string<char>, BT::PortInfo> BT::InputPort(BT::StringView, BT::StringView) [with T = bool; BT::StringView = nonstd::sv_lite::basic_string_view<char>][m[K’
  302 | > [01;36m[KInputPort[m[K(StringView name,
      |   [01;36m[K^~~~~~~~~[m[K

[01m[K/opt/ros/humble/include/behaviortree_cpp_v3/basic_types.h:303:62:[m[K [01;36m[Knote: [m[K  no known conversion for argument 2 from ‘[01m[Kbool[m[K’ to ‘[01m[KBT::StringView[m[K’ {aka ‘[01m[Knonstd::sv_lite::basic_string_view<char>[m[K’}
  303 | [01;36m[Kw description = {}[m[K)
      | [01;36m[K~~^~~~~~~~~~~~~~~~[m[K

[01m[K/opt/ros/humble/include/behaviortree_cpp_v3/basic_types.h:323:41:[m[K [01;36m[Knote: [m[Kcandidate: ‘[01m[Kstd::pair<std::__cxx11::basic_string<char>, BT::PortInfo> BT::InputPort(BT::StringView, const T&, BT::StringView) [with T = bool; BT::StringView = nonstd::sv_lite::basic_string_view<char>][m[K’
  323 | > [01;36m[KInputPort[m[K(StringView name, const T& default_value,
      |   [01;36m[K^~~~~~~~~[m[K

[01m[K/opt/ros/humble/include/behaviortree_cpp_v3/basic_types.h:323:41:[m[K [01;36m[Knote: [m[K  candidate expects 3 arguments, 2 provided
[01m[K/home/jeff/theimc_robot/src/theimc_bt_nodes/src/save_rail_progress.cpp:62:26:[m[K [01;31m[Kerror: [m[Kno matching function for call to ‘[01m[KInputPort<double>(const char [15], double)[m[K’
   62 | [01;31m[Ke>("odom_stale_sec", 0.5)[m[K,
      | [01;31m[K~~^~~~~~~~~~~~~~~~~~~~~~~[m[K

In file included from [01m[K/opt/ros/humble/include/behaviortree_cpp_v3/tree_node.h:22[m[K,
                 from [01m[K/opt/ros/humble/include/behaviortree_cpp_v3/leaf_node.h:17[m[K,
                 from [01m[K/opt/ros/humble/include/behaviortree_cpp_v3/action_node.h:22[m[K,
                 from [01m[K/home/jeff/theimc_robot/src/theimc_bt_nodes/include/theimc_bt_nodes/save_rail_progress.hpp:6[m[K,
                 from [01m[K/home/jeff/theimc_robot/src/theimc_bt_nodes/src/save_rail_progress.cpp:1[m[K:
[01m[K/opt/ros/humble/include/behaviortree_cpp_v3/basic_types.h:302:41:[m[K [01;36m[Knote: [m[Kcandidate: ‘[01m[Kstd::pair<std::__cxx11::basic_string<char>, BT::PortInfo> BT::InputPort(BT::StringView, BT::StringView) [with T = double; BT::StringView = nonstd::sv_lite::basic_string_view<char>][m[K’
  302 | > [01;36m[KInputPort[m[K(StringView name,
      |   [01;36m[K^~~~~~~~~[m[K

[01m[K/opt/ros/humble/include/behaviortree_cpp_v3/basic_types.h:303:62:[m[K [01;36m[Knote: [m[K  no known conversion for argument 2 from ‘[01m[Kdouble[m[K’ to ‘[01m[KBT::StringView[m[K’ {aka ‘[01m[Knonstd::sv_lite::basic_string_view<char>[m[K’}
  303 | [01;36m[Kw description = {}[m[K)
      | [01;36m[K~~^~~~~~~~~~~~~~~~[m[K

[01m[K/opt/ros/humble/include/behaviortree_cpp_v3/basic_types.h:323:41:[m[K [01;36m[Knote: [m[Kcandidate: ‘[01m[Kstd::pair<std::__cxx11::basic_string<char>, BT::PortInfo> BT::InputPort(BT::StringView, const T&, BT::StringView) [with T = double; BT::StringView = nonstd::sv_lite::basic_string_view<char>][m[K’
  323 | > [01;36m[KInputPort[m[K(StringView name, const T& default_value,
      |   [01;36m[K^~~~~~~~~[m[K

[01m[K/opt/ros/humble/include/behaviortree_cpp_v3/basic_types.h:323:41:[m[K [01;36m[Knote: [m[K  candidate expects 3 arguments, 2 provided
[01m[K/home/jeff/theimc_robot/src/theimc_bt_nodes/src/save_rail_progress.cpp:64:3:[m[K [01;31m[Kerror: [m[Kcould not convert ‘[01m[K{BT::InputPort(BT::StringView, BT::StringView) [with T = int; BT::StringView = nonstd::sv_lite::basic_string_view<char>](nonstd::sv_lite::basic_string_view<char>()), BT::InputPort(BT::StringView, const T&, BT::StringView) [with T = std::__cxx11::basic_string<char>; BT::StringView = nonstd::sv_lite::basic_string_view<char>](std::__cxx11::basic_string<char>(((const char*)""), std::allocator<char>()), nonstd::sv_lite::basic_string_view<char>(((const char*)"Empty = ~/.ros/theimc_rail_progress.yaml"))), <expression error>, BT::InputPort(BT::StringView, const T&, BT::StringView) [with T = bool; BT::StringView = nonstd::sv_lite::basic_string_view<char>](false, nonstd::sv_lite::basic_string_view<char>(((const char*)"true saves exact current distance"))), BT::InputPort(BT::StringView, const T&, BT::StringView) [with T = bool; BT::StringView = nonstd::sv_lite::basic_string_view<char>](false, nonstd::sv_lite::basic_string_view<char>(((const char*)"true marks this rail as interrupted/resume target"))), <expression error>, BT::OutputPort(BT::StringView, BT::StringView) [with T = double; BT::StringView = nonstd::sv_lite::basic_string_view<char>](nonstd::sv_lite::basic_string_view<char>())}[m[K’ from ‘[01m[K<brace-enclosed initializer list>[m[K’ to ‘[01m[KBT::PortsList[m[K’ {aka ‘[01m[Kstd::unordered_map<std::__cxx11::basic_string<char>, BT::PortInfo>[m[K’}
   64 |   [01;31m[K}[m[K;
      |   [01;31m[K^[m[K
      |   [01;31m[K|[m[K
      |   [01;31m[K<brace-enclosed initializer list>[m[K
gmake[2]: *** [CMakeFiles/theimc_bt_nodes.dir/build.make:300: CMakeFiles/theimc_bt_nodes.dir/src/save_rail_progress.cpp.o] Error 1
gmake[2]: *** Waiting for unfinished jobs....
gmake[1]: *** [CMakeFiles/Makefile2:139: CMakeFiles/theimc_bt_nodes.dir/all] Error 2
gmake: *** [Makefile:146: all] Error 2
