[0.040s] Invoking command in '/home/jeff/theimc_robot/build/theimc_bt_nodes': CMAKE_PREFIX_PATH=/home/jeff/theimc_robot/install/theimc_navigation2:/home/jeff/theimc_robot/install/interfaces_pkg:/home/jeff/theimc_robot/install/theimc_bt_nodes:/home/jeff/theimc_robot/install/theimc_description:/home/jeff/theimc_robot/install/sllidar_ros2:/home/jeff/theimc_robot/install/theimc_teleop:/home/jeff/theimc_robot/install/theimc_bringup:/home/jeff/theimc_robot/install/localizer_server:/home/jeff/theimc_robot/install/decision_making_pkg:/home/jeff/theimc_robot/install/debug_pkg:/home/jeff/theimc_robot/install/camera_perception_pkg:/opt/ros/humble LD_LIBRARY_PATH=/home/jeff/theimc_robot/install/theimc_navigation2/lib:/home/jeff/theimc_robot/install/interfaces_pkg/lib:/home/jeff/theimc_robot/install/theimc_bt_nodes/lib:/opt/ros/humble/opt/rviz_ogre_vendor/lib:/opt/ros/humble/lib/aarch64-linux-gnu:/opt/ros/humble/lib /usr/bin/cmake --build /home/jeff/theimc_robot/build/theimc_bt_nodes -- -j6 -l6
[0.135s] -- Found ament_cmake: 1.3.14 (/opt/ros/humble/share/ament_cmake/cmake)
[0.470s] -- Override CMake install command with custom implementation using symlinks instead of copying resources
[0.502s] -- Found ament_index_cpp: 1.4.1 (/opt/ros/humble/share/ament_index_cpp/cmake)
[0.507s] -- Found geometry_msgs: 4.9.1 (/opt/ros/humble/share/geometry_msgs/cmake)
[0.597s] -- Found rosidl_generator_c: 3.1.9 (/opt/ros/humble/share/rosidl_generator_c/cmake)
[0.603s] -- Found rosidl_adapter: 3.1.9 (/opt/ros/humble/share/rosidl_adapter/cmake)
[0.624s] -- Found rosidl_generator_cpp: 3.1.9 (/opt/ros/humble/share/rosidl_generator_cpp/cmake)
[0.651s] -- Using all available rosidl_typesupport_c: rosidl_typesupport_fastrtps_c;rosidl_typesupport_introspection_c
[0.683s] -- Using all available rosidl_typesupport_cpp: rosidl_typesupport_fastrtps_cpp;rosidl_typesupport_introspection_cpp
[0.790s] -- Found interfaces_pkg: 0.0.0 (/home/jeff/theimc_robot/install/interfaces_pkg/share/interfaces_pkg/cmake)
[0.885s] -- Found nav2_behavior_tree: 1.1.20 (/opt/ros/humble/share/nav2_behavior_tree/cmake)
[0.974s] -- Found rmw_implementation_cmake: 6.1.2 (/opt/ros/humble/share/rmw_implementation_cmake/cmake)
[0.982s] -- Found rmw_fastrtps_cpp: 6.2.10 (/opt/ros/humble/share/rmw_fastrtps_cpp/cmake)
[1.220s] -- Using RMW implementation 'rmw_fastrtps_cpp' as default
[1.667s] -- Found eigen3_cmake_module: 0.1.1 (/opt/ros/humble/share/eigen3_cmake_module/cmake)
[1.670s] -- Ensuring Eigen3 include directory is part of orocos-kdl CMake target
[1.783s] -- Found pluginlib: 5.1.4 (/opt/ros/humble/share/pluginlib/cmake)
[1.821s] -- Found yaml_cpp_vendor: 8.0.2 (/opt/ros/humble/share/yaml_cpp_vendor/cmake)
[2.108s] -- Configuring done
[2.340s] -- Generating done
[2.362s] -- Build files have been written to: /home/jeff/theimc_robot/build/theimc_bt_nodes
[2.477s] [35m[1mConsolidate compiler generated dependencies of target theimc_bt_nodes[0m
[2.621s] [  4%] [32mBuilding CXX object CMakeFiles/theimc_bt_nodes.dir/src/clear_resume_target.cpp.o[0m
[6.581s] [  8%] [32mBuilding CXX object CMakeFiles/theimc_bt_nodes.dir/src/get_location_pose.cpp.o[0m
[16.530s] [ 13%] [32mBuilding CXX object CMakeFiles/theimc_bt_nodes.dir/src/get_rail_pose.cpp.o[0m
[22.556s] [ 17%] [32mBuilding CXX object CMakeFiles/theimc_bt_nodes.dir/src/go_to_pose.cpp.o[0m
[24.580s] [ 21%] [32mBuilding CXX object CMakeFiles/theimc_bt_nodes.dir/src/for_each_rail.cpp.o[0m
[26.623s] [ 26%] [32mBuilding CXX object CMakeFiles/theimc_bt_nodes.dir/src/drive_until_rail_state.cpp.o[0m
[26.769s] [ 30%] [32mBuilding CXX object CMakeFiles/theimc_bt_nodes.dir/src/drive_cmd_vel.cpp.o[0m
[27.791s] [ 34%] [32mBuilding CXX object CMakeFiles/theimc_bt_nodes.dir/src/is_battery_low.cpp.o[0m
[53.442s] [ 39%] [32mBuilding CXX object CMakeFiles/theimc_bt_nodes.dir/src/rail_enter.cpp.o[0m
[68.478s] [ 43%] [32mBuilding CXX object CMakeFiles/theimc_bt_nodes.dir/src/rail_approach.cpp.o[0m
[68.479s] [ 47%] [32mBuilding CXX object CMakeFiles/theimc_bt_nodes.dir/src/rail_exit.cpp.o[0m
[69.511s] [ 52%] [32mBuilding CXX object CMakeFiles/theimc_bt_nodes.dir/src/publish_rail_command.cpp.o[0m
[70.532s] [ 56%] [32mBuilding CXX object CMakeFiles/theimc_bt_nodes.dir/src/load_resume_target.cpp.o[0m
[76.729s] [ 60%] [32mBuilding CXX object CMakeFiles/theimc_bt_nodes.dir/src/rail_move_to_distance.cpp.o[0m
[92.988s] [ 65%] [32mBuilding CXX object CMakeFiles/theimc_bt_nodes.dir/src/save_rail_progress.cpp.o[0m
[95.276s] [ 69%] [32mBuilding CXX object CMakeFiles/theimc_bt_nodes.dir/src/toggle_docking.cpp.o[0m
[97.304s] [ 73%] [32mBuilding CXX object CMakeFiles/theimc_bt_nodes.dir/src/return_home_requested.cpp.o[0m
[100.527s] [01m[K/home/jeff/theimc_robot/src/theimc_bt_nodes/src/save_rail_progress.cpp:[m[K In static member function ‘[01m[Kstatic BT::PortsList theimc_bt_nodes::SaveRailProgress::providedPorts()[m[K’:
[100.527s] [01m[K/home/jeff/theimc_robot/src/theimc_bt_nodes/src/save_rail_progress.cpp:53:24:[m[K [01;31m[Kerror: [m[Kno matching function for call to ‘[01m[KInputPort<bool>(const char [10], bool)[m[K’
[100.528s]    53 | [01;31m[Kl>("completed", false)[m[K,
[100.528s]       | [01;31m[K~~^~~~~~~~~~~~~~~~~~~~[m[K
[100.528s] 
[100.528s] In file included from [01m[K/opt/ros/humble/include/behaviortree_cpp_v3/tree_node.h:22[m[K,
[100.529s]                  from [01m[K/opt/ros/humble/include/behaviortree_cpp_v3/leaf_node.h:17[m[K,
[100.529s]                  from [01m[K/opt/ros/humble/include/behaviortree_cpp_v3/action_node.h:22[m[K,
[100.529s]                  from [01m[K/home/jeff/theimc_robot/src/theimc_bt_nodes/include/theimc_bt_nodes/save_rail_progress.hpp:6[m[K,
[100.530s]                  from [01m[K/home/jeff/theimc_robot/src/theimc_bt_nodes/src/save_rail_progress.cpp:1[m[K:
[100.530s] [01m[K/opt/ros/humble/include/behaviortree_cpp_v3/basic_types.h:302:41:[m[K [01;36m[Knote: [m[Kcandidate: ‘[01m[Kstd::pair<std::__cxx11::basic_string<char>, BT::PortInfo> BT::InputPort(BT::StringView, BT::StringView) [with T = bool; BT::StringView = nonstd::sv_lite::basic_string_view<char>][m[K’
[100.530s]   302 | > [01;36m[KInputPort[m[K(StringView name,
[100.530s]       |   [01;36m[K^~~~~~~~~[m[K
[100.530s] 
[100.530s] [01m[K/opt/ros/humble/include/behaviortree_cpp_v3/basic_types.h:303:62:[m[K [01;36m[Knote: [m[K  no known conversion for argument 2 from ‘[01m[Kbool[m[K’ to ‘[01m[KBT::StringView[m[K’ {aka ‘[01m[Knonstd::sv_lite::basic_string_view<char>[m[K’}
[100.530s]   303 | [01;36m[Kw description = {}[m[K)
[100.530s]       | [01;36m[K~~^~~~~~~~~~~~~~~~[m[K
[100.531s] 
[100.531s] [01m[K/opt/ros/humble/include/behaviortree_cpp_v3/basic_types.h:323:41:[m[K [01;36m[Knote: [m[Kcandidate: ‘[01m[Kstd::pair<std::__cxx11::basic_string<char>, BT::PortInfo> BT::InputPort(BT::StringView, const T&, BT::StringView) [with T = bool; BT::StringView = nonstd::sv_lite::basic_string_view<char>][m[K’
[100.531s]   323 | > [01;36m[KInputPort[m[K(StringView name, const T& default_value,
[100.531s]       |   [01;36m[K^~~~~~~~~[m[K
[100.531s] 
[100.531s] [01m[K/opt/ros/humble/include/behaviortree_cpp_v3/basic_types.h:323:41:[m[K [01;36m[Knote: [m[K  candidate expects 3 arguments, 2 provided
[100.531s] [01m[K/home/jeff/theimc_robot/src/theimc_bt_nodes/src/save_rail_progress.cpp:62:26:[m[K [01;31m[Kerror: [m[Kno matching function for call to ‘[01m[KInputPort<double>(const char [15], double)[m[K’
[100.532s]    62 | [01;31m[Ke>("odom_stale_sec", 0.5)[m[K,
[100.532s]       | [01;31m[K~~^~~~~~~~~~~~~~~~~~~~~~~[m[K
[100.532s] 
[100.532s] In file included from [01m[K/opt/ros/humble/include/behaviortree_cpp_v3/tree_node.h:22[m[K,
[100.532s]                  from [01m[K/opt/ros/humble/include/behaviortree_cpp_v3/leaf_node.h:17[m[K,
[100.533s]                  from [01m[K/opt/ros/humble/include/behaviortree_cpp_v3/action_node.h:22[m[K,
[100.533s]                  from [01m[K/home/jeff/theimc_robot/src/theimc_bt_nodes/include/theimc_bt_nodes/save_rail_progress.hpp:6[m[K,
[100.533s]                  from [01m[K/home/jeff/theimc_robot/src/theimc_bt_nodes/src/save_rail_progress.cpp:1[m[K:
[100.533s] [01m[K/opt/ros/humble/include/behaviortree_cpp_v3/basic_types.h:302:41:[m[K [01;36m[Knote: [m[Kcandidate: ‘[01m[Kstd::pair<std::__cxx11::basic_string<char>, BT::PortInfo> BT::InputPort(BT::StringView, BT::StringView) [with T = double; BT::StringView = nonstd::sv_lite::basic_string_view<char>][m[K’
[100.533s]   302 | > [01;36m[KInputPort[m[K(StringView name,
[100.533s]       |   [01;36m[K^~~~~~~~~[m[K
[100.533s] 
[100.533s] [01m[K/opt/ros/humble/include/behaviortree_cpp_v3/basic_types.h:303:62:[m[K [01;36m[Knote: [m[K  no known conversion for argument 2 from ‘[01m[Kdouble[m[K’ to ‘[01m[KBT::StringView[m[K’ {aka ‘[01m[Knonstd::sv_lite::basic_string_view<char>[m[K’}
[100.534s]   303 | [01;36m[Kw description = {}[m[K)
[100.534s]       | [01;36m[K~~^~~~~~~~~~~~~~~~[m[K
[100.534s] 
[100.534s] [01m[K/opt/ros/humble/include/behaviortree_cpp_v3/basic_types.h:323:41:[m[K [01;36m[Knote: [m[Kcandidate: ‘[01m[Kstd::pair<std::__cxx11::basic_string<char>, BT::PortInfo> BT::InputPort(BT::StringView, const T&, BT::StringView) [with T = double; BT::StringView = nonstd::sv_lite::basic_string_view<char>][m[K’
[100.535s]   323 | > [01;36m[KInputPort[m[K(StringView name, const T& default_value,
[100.535s]       |   [01;36m[K^~~~~~~~~[m[K
[100.536s] 
[100.536s] [01m[K/opt/ros/humble/include/behaviortree_cpp_v3/basic_types.h:323:41:[m[K [01;36m[Knote: [m[K  candidate expects 3 arguments, 2 provided
[100.536s] [01m[K/home/jeff/theimc_robot/src/theimc_bt_nodes/src/save_rail_progress.cpp:64:3:[m[K [01;31m[Kerror: [m[Kcould not convert ‘[01m[K{BT::InputPort(BT::StringView, BT::StringView) [with T = int; BT::StringView = nonstd::sv_lite::basic_string_view<char>](nonstd::sv_lite::basic_string_view<char>()), BT::InputPort(BT::StringView, const T&, BT::StringView) [with T = std::__cxx11::basic_string<char>; BT::StringView = nonstd::sv_lite::basic_string_view<char>](std::__cxx11::basic_string<char>(((const char*)""), std::allocator<char>()), nonstd::sv_lite::basic_string_view<char>(((const char*)"Empty = ~/.ros/theimc_rail_progress.yaml"))), <expression error>, BT::InputPort(BT::StringView, const T&, BT::StringView) [with T = bool; BT::StringView = nonstd::sv_lite::basic_string_view<char>](false, nonstd::sv_lite::basic_string_view<char>(((const char*)"true saves exact current distance"))), BT::InputPort(BT::StringView, const T&, BT::StringView) [with T = bool; BT::StringView = nonstd::sv_lite::basic_string_view<char>](false, nonstd::sv_lite::basic_string_view<char>(((const char*)"true marks this rail as interrupted/resume target"))), <expression error>, BT::OutputPort(BT::StringView, BT::StringView) [with T = double; BT::StringView = nonstd::sv_lite::basic_string_view<char>](nonstd::sv_lite::basic_string_view<char>())}[m[K’ from ‘[01m[K<brace-enclosed initializer list>[m[K’ to ‘[01m[KBT::PortsList[m[K’ {aka ‘[01m[Kstd::unordered_map<std::__cxx11::basic_string<char>, BT::PortInfo>[m[K’}
[100.538s]    64 |   [01;31m[K}[m[K;
[100.538s]       |   [01;31m[K^[m[K
[100.538s]       |   [01;31m[K|[m[K
[100.539s]       |   [01;31m[K<brace-enclosed initializer list>[m[K
[109.123s] gmake[2]: *** [CMakeFiles/theimc_bt_nodes.dir/build.make:300: CMakeFiles/theimc_bt_nodes.dir/src/save_rail_progress.cpp.o] Error 1
[109.124s] gmake[2]: *** Waiting for unfinished jobs....
[121.746s] gmake[1]: *** [CMakeFiles/Makefile2:139: CMakeFiles/theimc_bt_nodes.dir/all] Error 2
[121.748s] gmake: *** [Makefile:146: all] Error 2
[121.755s] Invoked command in '/home/jeff/theimc_robot/build/theimc_bt_nodes' returned '2': CMAKE_PREFIX_PATH=/home/jeff/theimc_robot/install/theimc_navigation2:/home/jeff/theimc_robot/install/interfaces_pkg:/home/jeff/theimc_robot/install/theimc_bt_nodes:/home/jeff/theimc_robot/install/theimc_description:/home/jeff/theimc_robot/install/sllidar_ros2:/home/jeff/theimc_robot/install/theimc_teleop:/home/jeff/theimc_robot/install/theimc_bringup:/home/jeff/theimc_robot/install/localizer_server:/home/jeff/theimc_robot/install/decision_making_pkg:/home/jeff/theimc_robot/install/debug_pkg:/home/jeff/theimc_robot/install/camera_perception_pkg:/opt/ros/humble LD_LIBRARY_PATH=/home/jeff/theimc_robot/install/theimc_navigation2/lib:/home/jeff/theimc_robot/install/interfaces_pkg/lib:/home/jeff/theimc_robot/install/theimc_bt_nodes/lib:/opt/ros/humble/opt/rviz_ogre_vendor/lib:/opt/ros/humble/lib/aarch64-linux-gnu:/opt/ros/humble/lib /usr/bin/cmake --build /home/jeff/theimc_robot/build/theimc_bt_nodes -- -j6 -l6
