[2.640s] Invoking command in '/home/jeff/theimc_robot/build/camera_perception_pkg': PYTHONPATH=/home/jeff/theimc_robot/build/camera_perception_pkg/prefix_override:/usr/lib/python3/dist-packages/colcon_core/task/python/colcon_distutils_commands:/home/jeff/theimc_robot/install/camera_perception_pkg/lib/python3.10/site-packages:${PYTHONPATH} /usr/bin/python3 -W ignore:setup.py install is deprecated -W ignore:easy_install command is deprecated setup.py develop --editable --build-directory /home/jeff/theimc_robot/build/camera_perception_pkg/build --no-deps symlink_data
[3.041s] /home/jeff/.local/lib/python3.10/site-packages/setuptools/_distutils/dist.py:289: UserWarning: Unknown distribution option: 'tests_require'
[3.041s]   warnings.warn(msg)
[3.431s] running develop
[3.882s] running egg_info
[3.920s] creating camera_perception_pkg.egg-info
[3.920s] writing camera_perception_pkg.egg-info/PKG-INFO
[3.921s] writing dependency_links to camera_perception_pkg.egg-info/dependency_links.txt
[3.921s] writing entry points to camera_perception_pkg.egg-info/entry_points.txt
[3.922s] writing requirements to camera_perception_pkg.egg-info/requires.txt
[3.922s] writing top-level names to camera_perception_pkg.egg-info/top_level.txt
[3.922s] writing manifest file 'camera_perception_pkg.egg-info/SOURCES.txt'
[4.000s] reading manifest file 'camera_perception_pkg.egg-info/SOURCES.txt'
[4.002s] writing manifest file 'camera_perception_pkg.egg-info/SOURCES.txt'
[4.042s] running build_ext
[4.043s] Creating /home/jeff/theimc_robot/install/camera_perception_pkg/lib/python3.10/site-packages/camera-perception-pkg.egg-link (link to .)
[4.045s] Installing aruco_detector_node script to /home/jeff/theimc_robot/install/camera_perception_pkg/lib/camera_perception_pkg
[4.046s] Installing image_publisher_node script to /home/jeff/theimc_robot/install/camera_perception_pkg/lib/camera_perception_pkg
[4.046s] Installing rail_info_extractor_node script to /home/jeff/theimc_robot/install/camera_perception_pkg/lib/camera_perception_pkg
[4.047s] Installing yolov26_node script to /home/jeff/theimc_robot/install/camera_perception_pkg/lib/camera_perception_pkg
[4.047s] 
[4.047s] Installed /home/jeff/theimc_robot/build/camera_perception_pkg
[4.047s] running symlink_data
[4.048s] creating /home/jeff/theimc_robot/install/camera_perception_pkg/share/ament_index/resource_index/packages
[4.049s] symbolically linking /home/jeff/theimc_robot/build/camera_perception_pkg/resource/camera_perception_pkg -> /home/jeff/theimc_robot/install/camera_perception_pkg/share/ament_index/resource_index/packages
[4.049s] symbolically linking /home/jeff/theimc_robot/build/camera_perception_pkg/package.xml -> /home/jeff/theimc_robot/install/camera_perception_pkg/share/camera_perception_pkg
[4.147s] Invoked command in '/home/jeff/theimc_robot/build/camera_perception_pkg' returned '0': PYTHONPATH=/home/jeff/theimc_robot/build/camera_perception_pkg/prefix_override:/usr/lib/python3/dist-packages/colcon_core/task/python/colcon_distutils_commands:/home/jeff/theimc_robot/install/camera_perception_pkg/lib/python3.10/site-packages:${PYTHONPATH} /usr/bin/python3 -W ignore:setup.py install is deprecated -W ignore:easy_install command is deprecated setup.py develop --editable --build-directory /home/jeff/theimc_robot/build/camera_perception_pkg/build --no-deps symlink_data
