[4.213s] Invoking command in '/home/jeff/theimc_robot/build/theimc_bringup': PYTHONPATH=/home/jeff/theimc_robot/build/theimc_bringup/prefix_override:/usr/lib/python3/dist-packages/colcon_core/task/python/colcon_distutils_commands:/home/jeff/theimc_robot/install/theimc_bringup/lib/python3.10/site-packages:${PYTHONPATH} /usr/bin/python3 -W ignore:setup.py install is deprecated -W ignore:easy_install command is deprecated setup.py develop --editable --build-directory /home/jeff/theimc_robot/build/theimc_bringup/build --no-deps symlink_data
[5.356s] running develop
[6.167s] running egg_info
[6.183s] writing theimc_bringup.egg-info/PKG-INFO
[6.183s] writing dependency_links to theimc_bringup.egg-info/dependency_links.txt
[6.183s] writing entry points to theimc_bringup.egg-info/entry_points.txt
[6.183s] writing requirements to theimc_bringup.egg-info/requires.txt
[6.183s] writing top-level names to theimc_bringup.egg-info/top_level.txt
[6.196s] reading manifest file 'theimc_bringup.egg-info/SOURCES.txt'
[6.200s] writing manifest file 'theimc_bringup.egg-info/SOURCES.txt'
[6.209s] running build_ext
[6.211s] Creating /home/jeff/theimc_robot/install/theimc_bringup/lib/python3.10/site-packages/theimc-bringup.egg-link (link to .)
[6.217s] Installing bringup_node script to /home/jeff/theimc_robot/install/theimc_bringup/lib/theimc_bringup
[6.218s] Installing isaac_vslam_odom_adapter_node script to /home/jeff/theimc_robot/install/theimc_bringup/lib/theimc_bringup
[6.228s] Installing last_pose_manager_node script to /home/jeff/theimc_robot/install/theimc_bringup/lib/theimc_bringup
[6.229s] Installing robot_agent_node script to /home/jeff/theimc_robot/install/theimc_bringup/lib/theimc_bringup
[6.229s] Installing rtabmap_pose_validator_node script to /home/jeff/theimc_robot/install/theimc_bringup/lib/theimc_bringup
[6.229s] 
[6.229s] Installed /home/jeff/theimc_robot/build/theimc_bringup
[6.230s] running symlink_data
[6.231s] creating /home/jeff/theimc_robot/install/theimc_bringup/share/theimc_bringup/config
[6.513s] Invoked command in '/home/jeff/theimc_robot/build/theimc_bringup' returned '0': PYTHONPATH=/home/jeff/theimc_robot/build/theimc_bringup/prefix_override:/usr/lib/python3/dist-packages/colcon_core/task/python/colcon_distutils_commands:/home/jeff/theimc_robot/install/theimc_bringup/lib/python3.10/site-packages:${PYTHONPATH} /usr/bin/python3 -W ignore:setup.py install is deprecated -W ignore:easy_install command is deprecated setup.py develop --editable --build-directory /home/jeff/theimc_robot/build/theimc_bringup/build --no-deps symlink_data
